
OpenSBI v1.7
   ____                    _____ ____ _____
  / __ \                  / ____|  _ \_   _|
 | |  | |_ __   ___ _ __ | (___ | |_) || |
 | |  | | '_ \ / _ \ '_ \ \___ \|  _ < | |
 | |__| | |_) |  __/ | | |____) | |_) || |_
  \____/| .__/ \___|_| |_|_____/|____/_____|
        | |
        |_|

Platform Name               : riscv-virtio,qemu
Platform Features           : medeleg
Platform HART Count         : 4
Platform IPI Device         : aclint-mswi
Platform Timer Device       : aclint-mtimer @ 10000000Hz
Platform Console Device     : uart8250
Platform HSM Device         : ---
Platform PMU Device         : ---
Platform Reboot Device      : syscon-reboot
Platform Shutdown Device    : syscon-poweroff
Platform Suspend Device     : ---
Platform CPPC Device        : ---
Firmware Base               : 0x80000000
Firmware Size               : 353 KB
Firmware RW Offset          : 0x40000
Firmware RW Size            : 97 KB
Firmware Heap Offset        : 0x4c000
Firmware Heap Size          : 49 KB (total), 3 KB (reserved), 12 KB (used), 33 KB (free)
Firmware Scratch Size       : 4096 B (total), 1400 B (used), 2696 B (free)
Runtime SBI Version         : 3.0
Standard SBI Extensions     : time,rfnc,ipi,base,hsm,srst,pmu,dbcn,fwft,legacy,dbtr,sse
Experimental SBI Extensions : none

Domain0 Name                : root
Domain0 Boot HART           : 0
Domain0 HARTs               : 0*,1*,2*,3*
Domain0 Region00            : 0x0000000000100000-0x0000000000100fff M: (I,R,W) S/U: (R,W)
Domain0 Region01            : 0x0000000010000000-0x0000000010000fff M: (I,R,W) S/U: (R,W)
Domain0 Region02            : 0x0000000002000000-0x000000000200ffff M: (I,R,W) S/U: ()
Domain0 Region03            : 0x0000000080040000-0x000000008005ffff M: (R,W) S/U: ()
Domain0 Region04            : 0x0000000080000000-0x000000008003ffff M: (R,X) S/U: ()
Domain0 Region05            : 0x000000000c400000-0x000000000c5fffff M: (I,R,W) S/U: (R,W)
Domain0 Region06            : 0x000000000c000000-0x000000000c3fffff M: (I,R,W) S/U: (R,W)
Domain0 Region07            : 0x0000000000000000-0xffffffffffffffff M: () S/U: (R,W,X)
Domain0 Next Address        : 0x0000000080200000
Domain0 Next Arg1           : 0x0000000087e00000
Domain0 Next Mode           : S-mode
Domain0 SysReset            : yes
Domain0 SysSuspend          : yes

Boot HART ID                : 0
Boot HART Domain            : root
Boot HART Priv Version      : v1.12
Boot HART Base ISA          : rv64imafdch
Boot HART ISA Extensions    : sstc,zicntr,zihpm,zicboz,zicbom,sdtrig,svadu
Boot HART PMP Count         : 16
Boot HART PMP Granularity   : 2 bits
Boot HART PMP Address Bits  : 54
Boot HART MHPM Info         : 16 (0x0007fff8)
Boot HART Debug Triggers    : 2 triggers
Boot HART MIDELEG           : 0x0000000000001666
Boot HART MEDELEG           : 0x0000000000f4b509

   __   __ __  _           ____  ____
   \ \ / /(_)| |__   ___  / __ \/ ___|
    \ V / | || '_ \ / _ \| |  | \___ \
     \_/  |_||_.__/ \___/ \____/|____/   v0.1

  platform  QEMU virt (10 MHz timebase)
  heap      0x80ef5000..0x88000000  (115756 KiB)
NATIVE TLS identity physical=0 logical=0 PASS
NATIVE CALL PASS runs=4 stack=262144 guard=1 nx=1 tls=1 fp=1 returned=1 unmapped=1
NATIVE CXX PASS yields=3 cpp_drops=1 rust_drops=1 returned=1
NATIVE SUSPEND PASS yields=3 resumes=4 drops=1 tls=1 fcsr=1 local_fp=1 unmapped=1
  traps     stvec armed, PLIC ctx S/hart0, IRQ 10 enabled
NATIVE TLS identity physical=2 logical=2 PASS
NATIVE TLS identity physical=3 logical=3 PASS
NATIVE TLS identity physical=1 logical=1 PASS
  smp       4 hart(s) online
  mmu       Sv39 single address space, hart mask 0xf
  pci       1 function(s), ECAM 0x30000000, MMIO 0x40000000..0x80000000
  W^X       2048 KiB code pool 0x807f5000..0x809f5000, MXR clear, RFENCE ready
  read-only 496 KiB .rodata 0x80603000..0x8067f000; 4096 KiB COW capability-table pool
  world     6 capability spaces, 1 typed channel, 4 components
  sched     async executor, no threads, no preemption

VibeOS vsh ready -- capability-native shell.

[2Kvsh> [2KNATIVE PAGES PASS zero=1 align=1 ro=1 none=1 nx=1 atomic_reject=1 restored=1
vsh> echo NATIVE_TLS_SHELL_OK
NATIVE_TLS_SHELL_OK
[2Kvsh> [2KNATIVE PARK PASS waits=3 peer_progress=1 cpp_drops=1 returned=1 unmapped=1
vsh> qemu-system-riscv64: terminating on signal 15 from pid 26900 (<unknown process>)
