tools/v8_gypfiles/run_torque.host.mk:13: warning: ignoring old commands for target `/Users/ziangwang/Sources/vibeos/target/node-runtime/source/node-v24.14.0/out/Release/obj/gen/torque-generated/src/objects/microtask-tq.inc'
tools/v8_gypfiles/run_torque.target.mk:13: warning: overriding commands for target `/Users/ziangwang/Sources/vibeos/target/node-runtime/source/node-v24.14.0/out/Release/obj/gen/torque-generated/src/objects/module-tq.inc'
tools/v8_gypfiles/run_torque.host.mk:13: warning: ignoring old commands for target `/Users/ziangwang/Sources/vibeos/target/node-runtime/source/node-v24.14.0/out/Release/obj/gen/torque-generated/src/objects/module-tq.inc'
tools/v8_gypfiles/run_torque.target.mk:13: warning: overriding commands for target `/Users/ziangwang/Sources/vibeos/target/node-runtime/source/node-v24.14.0/out/Release/obj/gen/torque-generated/src/objects/name-tq.inc'
tools/v8_gypfiles/run_torque.host.mk:13: warning: ignoring old commands for target `/Users/ziangwang/Sources/vibeos/target/node-runtime/source/node-v24.14.0/out/Release/obj/gen/torque-generated/src/objects/name-tq.inc'
tools/v8_gypfiles/run_torque.target.mk:13: warning: overriding commands for target `/Users/ziangwang/Sources/vibeos/target/node-runtime/source/node-v24.14.0/out/Release/obj/gen/torque-generated/src/objects/oddball-tq.inc'
tools/v8_gypfiles/run_torque.host.mk:13: warning: ignoring old commands for target `/Users/ziangwang/Sources/vibeos/target/node-runtime/source/node-v24.14.0/out/Release/obj/gen/torque-generated/src/objects/oddball-tq.inc'
tools/v8_gypfiles/run_torque.target.mk:13: warning: overriding commands for target `/Users/ziangwang/Sources/vibeos/target/node-runtime/source/node-v24.14.0/out/Release/obj/gen/torque-generated/src/objects/hole-tq.inc'
tools/v8_gypfiles/run_torque.host.mk:13: warning: ignoring old commands for target `/Users/ziangwang/Sources/vibeos/target/node-runtime/source/node-v24.14.0/out/Release/obj/gen/torque-generated/src/objects/hole-tq.inc'
tools/v8_gypfiles/run_torque.target.mk:13: warning: overriding commands for target `/Users/ziangwang/Sources/vibeos/target/node-runtime/source/node-v24.14.0/out/Release/obj/gen/torque-generated/src/objects/trusted-object-tq.inc'
tools/v8_gypfiles/run_torque.host.mk:13: warning: ignoring old commands for target `/Users/ziangwang/Sources/vibeos/target/node-runtime/source/node-v24.14.0/out/Release/obj/gen/torque-generated/src/objects/trusted-object-tq.inc'
tools/v8_gypfiles/run_torque.target.mk:13: warning: overriding commands for target `/Users/ziangwang/Sources/vibeos/target/node-runtime/source/node-v24.14.0/out/Release/obj/gen/torque-generated/src/objects/ordered-hash-table-tq.inc'
tools/v8_gypfiles/run_torque.host.mk:13: warning: ignoring old commands for target `/Users/ziangwang/Sources/vibeos/target/node-runtime/source/node-v24.14.0/out/Release/obj/gen/torque-generated/src/objects/ordered-hash-table-tq.inc'
tools/v8_gypfiles/run_torque.target.mk:13: warning: overriding commands for target `/Users/ziangwang/Sources/vibeos/target/node-runtime/source/node-v24.14.0/out/Release/obj/gen/torque-generated/src/objects/primitive-heap-object-tq.inc'
tools/v8_gypfiles/run_torque.host.mk:13: warning: ignoring old commands for target `/Users/ziangwang/Sources/vibeos/target/node-runtime/source/node-v24.14.0/out/Release/obj/gen/torque-generated/src/objects/primitive-heap-object-tq.inc'
tools/v8_gypfiles/run_torque.target.mk:13: warning: overriding commands for target `/Users/ziangwang/Sources/vibeos/target/node-runtime/source/node-v24.14.0/out/Release/obj/gen/torque-generated/src/objects/promise-tq.inc'
tools/v8_gypfiles/run_torque.host.mk:13: warning: ignoring old commands for target `/Users/ziangwang/Sources/vibeos/target/node-runtime/source/node-v24.14.0/out/Release/obj/gen/torque-generated/src/objects/promise-tq.inc'
tools/v8_gypfiles/run_torque.target.mk:13: warning: overriding commands for target `/Users/ziangwang/Sources/vibeos/target/node-runtime/source/node-v24.14.0/out/Release/obj/gen/torque-generated/src/objects/property-array-tq.inc'
tools/v8_gypfiles/run_torque.host.mk:13: warning: ignoring old commands for target `/Users/ziangwang/Sources/vibeos/target/node-runtime/source/node-v24.14.0/out/Release/obj/gen/torque-generated/src/objects/property-array-tq.inc'
tools/v8_gypfiles/run_torque.target.mk:13: warning: overriding commands for target `/Users/ziangwang/Sources/vibeos/target/node-runtime/source/node-v24.14.0/out/Release/obj/gen/torque-generated/src/objects/property-cell-tq.inc'
tools/v8_gypfiles/run_torque.host.mk:13: warning: ignoring old commands for target `/Users/ziangwang/Sources/vibeos/target/node-runtime/source/node-v24.14.0/out/Release/obj/gen/torque-generated/src/objects/property-cell-tq.inc'
tools/v8_gypfiles/run_torque.target.mk:13: warning: overriding commands for target `/Users/ziangwang/Sources/vibeos/target/node-runtime/source/node-v24.14.0/out/Release/obj/gen/torque-generated/src/objects/property-descriptor-object-tq.inc'
tools/v8_gypfiles/run_torque.host.mk:13: warning: ignoring old commands for target `/Users/ziangwang/Sources/vibeos/target/node-runtime/source/node-v24.14.0/out/Release/obj/gen/torque-generated/src/objects/property-descriptor-object-tq.inc'
tools/v8_gypfiles/run_torque.target.mk:13: warning: overriding commands for target `/Users/ziangwang/Sources/vibeos/target/node-runtime/source/node-v24.14.0/out/Release/obj/gen/torque-generated/src/objects/prototype-info-tq.inc'
tools/v8_gypfiles/run_torque.host.mk:13: warning: ignoring old commands for target `/Users/ziangwang/Sources/vibeos/target/node-runtime/source/node-v24.14.0/out/Release/obj/gen/torque-generated/src/objects/prototype-info-tq.inc'
tools/v8_gypfiles/run_torque.target.mk:13: warning: overriding commands for target `/Users/ziangwang/Sources/vibeos/target/node-runtime/source/node-v24.14.0/out/Release/obj/gen/torque-generated/src/objects/regexp-match-info-tq.inc'
tools/v8_gypfiles/run_torque.host.mk:13: warning: ignoring old commands for target `/Users/ziangwang/Sources/vibeos/target/node-runtime/source/node-v24.14.0/out/Release/obj/gen/torque-generated/src/objects/regexp-match-info-tq.inc'
tools/v8_gypfiles/run_torque.target.mk:13: warning: overriding commands for target `/Users/ziangwang/Sources/vibeos/target/node-runtime/source/node-v24.14.0/out/Release/obj/gen/torque-generated/src/objects/scope-info-tq.inc'
tools/v8_gypfiles/run_torque.host.mk:13: warning: ignoring old commands for target `/Users/ziangwang/Sources/vibeos/target/node-runtime/source/node-v24.14.0/out/Release/obj/gen/torque-generated/src/objects/scope-info-tq.inc'
tools/v8_gypfiles/run_torque.target.mk:13: warning: overriding commands for target `/Users/ziangwang/Sources/vibeos/target/node-runtime/source/node-v24.14.0/out/Release/obj/gen/torque-generated/src/objects/script-tq.inc'
tools/v8_gypfiles/run_torque.host.mk:13: warning: ignoring old commands for target `/Users/ziangwang/Sources/vibeos/target/node-runtime/source/node-v24.14.0/out/Release/obj/gen/torque-generated/src/objects/script-tq.inc'
tools/v8_gypfiles/run_torque.target.mk:13: warning: overriding commands for target `/Users/ziangwang/Sources/vibeos/target/node-runtime/source/node-v24.14.0/out/Release/obj/gen/torque-generated/src/objects/shared-function-info-tq.inc'
tools/v8_gypfiles/run_torque.host.mk:13: warning: ignoring old commands for target `/Users/ziangwang/Sources/vibeos/target/node-runtime/source/node-v24.14.0/out/Release/obj/gen/torque-generated/src/objects/shared-function-info-tq.inc'
tools/v8_gypfiles/run_torque.target.mk:13: warning: overriding commands for target `/Users/ziangwang/Sources/vibeos/target/node-runtime/source/node-v24.14.0/out/Release/obj/gen/torque-generated/src/objects/source-text-module-tq.inc'
tools/v8_gypfiles/run_torque.host.mk:13: warning: ignoring old commands for target `/Users/ziangwang/Sources/vibeos/target/node-runtime/source/node-v24.14.0/out/Release/obj/gen/torque-generated/src/objects/source-text-module-tq.inc'
tools/v8_gypfiles/run_torque.target.mk:13: warning: overriding commands for target `/Users/ziangwang/Sources/vibeos/target/node-runtime/source/node-v24.14.0/out/Release/obj/gen/torque-generated/src/objects/string-tq.inc'
tools/v8_gypfiles/run_torque.host.mk:13: warning: ignoring old commands for target `/Users/ziangwang/Sources/vibeos/target/node-runtime/source/node-v24.14.0/out/Release/obj/gen/torque-generated/src/objects/string-tq.inc'
tools/v8_gypfiles/run_torque.target.mk:13: warning: overriding commands for target `/Users/ziangwang/Sources/vibeos/target/node-runtime/source/node-v24.14.0/out/Release/obj/gen/torque-generated/src/objects/struct-tq.inc'
tools/v8_gypfiles/run_torque.host.mk:13: warning: ignoring old commands for target `/Users/ziangwang/Sources/vibeos/target/node-runtime/source/node-v24.14.0/out/Release/obj/gen/torque-generated/src/objects/struct-tq.inc'
tools/v8_gypfiles/run_torque.target.mk:13: warning: overriding commands for target `/Users/ziangwang/Sources/vibeos/target/node-runtime/source/node-v24.14.0/out/Release/obj/gen/torque-generated/src/objects/swiss-hash-table-helpers-tq.inc'
tools/v8_gypfiles/run_torque.host.mk:13: warning: ignoring old commands for target `/Users/ziangwang/Sources/vibeos/target/node-runtime/source/node-v24.14.0/out/Release/obj/gen/torque-generated/src/objects/swiss-hash-table-helpers-tq.inc'
tools/v8_gypfiles/run_torque.target.mk:13: warning: overriding commands for target `/Users/ziangwang/Sources/vibeos/target/node-runtime/source/node-v24.14.0/out/Release/obj/gen/torque-generated/src/objects/swiss-name-dictionary-tq.inc'
tools/v8_gypfiles/run_torque.host.mk:13: warning: ignoring old commands for target `/Users/ziangwang/Sources/vibeos/target/node-runtime/source/node-v24.14.0/out/Release/obj/gen/torque-generated/src/objects/swiss-name-dictionary-tq.inc'
tools/v8_gypfiles/run_torque.target.mk:13: warning: overriding commands for target `/Users/ziangwang/Sources/vibeos/target/node-runtime/source/node-v24.14.0/out/Release/obj/gen/torque-generated/src/objects/synthetic-module-tq.inc'
tools/v8_gypfiles/run_torque.host.mk:13: warning: ignoring old commands for target `/Users/ziangwang/Sources/vibeos/target/node-runtime/source/node-v24.14.0/out/Release/obj/gen/torque-generated/src/objects/synthetic-module-tq.inc'
tools/v8_gypfiles/run_torque.target.mk:13: warning: overriding commands for target `/Users/ziangwang/Sources/vibeos/target/node-runtime/source/node-v24.14.0/out/Release/obj/gen/torque-generated/src/objects/template-objects-tq.inc'
tools/v8_gypfiles/run_torque.host.mk:13: warning: ignoring old commands for target `/Users/ziangwang/Sources/vibeos/target/node-runtime/source/node-v24.14.0/out/Release/obj/gen/torque-generated/src/objects/template-objects-tq.inc'
tools/v8_gypfiles/run_torque.target.mk:13: warning: overriding commands for target `/Users/ziangwang/Sources/vibeos/target/node-runtime/source/node-v24.14.0/out/Release/obj/gen/torque-generated/src/objects/templates-tq.inc'
tools/v8_gypfiles/run_torque.host.mk:13: warning: ignoring old commands for target `/Users/ziangwang/Sources/vibeos/target/node-runtime/source/node-v24.14.0/out/Release/obj/gen/torque-generated/src/objects/templates-tq.inc'
tools/v8_gypfiles/run_torque.target.mk:13: warning: overriding commands for target `/Users/ziangwang/Sources/vibeos/target/node-runtime/source/node-v24.14.0/out/Release/obj/gen/torque-generated/src/objects/torque-defined-classes-tq.inc'
tools/v8_gypfiles/run_torque.host.mk:13: warning: ignoring old commands for target `/Users/ziangwang/Sources/vibeos/target/node-runtime/source/node-v24.14.0/out/Release/obj/gen/torque-generated/src/objects/torque-defined-classes-tq.inc'
tools/v8_gypfiles/run_torque.target.mk:13: warning: overriding commands for target `/Users/ziangwang/Sources/vibeos/target/node-runtime/source/node-v24.14.0/out/Release/obj/gen/torque-generated/src/objects/turbofan-types-tq.inc'
tools/v8_gypfiles/run_torque.host.mk:13: warning: ignoring old commands for target `/Users/ziangwang/Sources/vibeos/target/node-runtime/source/node-v24.14.0/out/Release/obj/gen/torque-generated/src/objects/turbofan-types-tq.inc'
tools/v8_gypfiles/run_torque.target.mk:13: warning: overriding commands for target `/Users/ziangwang/Sources/vibeos/target/node-runtime/source/node-v24.14.0/out/Release/obj/gen/torque-generated/src/objects/turboshaft-types-tq.inc'
tools/v8_gypfiles/run_torque.host.mk:13: warning: ignoring old commands for target `/Users/ziangwang/Sources/vibeos/target/node-runtime/source/node-v24.14.0/out/Release/obj/gen/torque-generated/src/objects/turboshaft-types-tq.inc'
tools/v8_gypfiles/run_torque.target.mk:13: warning: overriding commands for target `/Users/ziangwang/Sources/vibeos/target/node-runtime/source/node-v24.14.0/out/Release/obj/gen/torque-generated/test/torque/test-torque-tq.inc'
tools/v8_gypfiles/run_torque.host.mk:13: warning: ignoring old commands for target `/Users/ziangwang/Sources/vibeos/target/node-runtime/source/node-v24.14.0/out/Release/obj/gen/torque-generated/test/torque/test-torque-tq.inc'
tools/v8_gypfiles/run_torque.target.mk:13: warning: overriding commands for target `/Users/ziangwang/Sources/vibeos/target/node-runtime/source/node-v24.14.0/out/Release/obj/gen/torque-generated/third_party/v8/builtins/array-sort-tq.inc'
tools/v8_gypfiles/run_torque.host.mk:13: warning: ignoring old commands for target `/Users/ziangwang/Sources/vibeos/target/node-runtime/source/node-v24.14.0/out/Release/obj/gen/torque-generated/third_party/v8/builtins/array-sort-tq.inc'
tools/v8_gypfiles/v8_inspector_headers.target.mk:13: warning: overriding commands for target `/Users/ziangwang/Sources/vibeos/target/node-runtime/source/node-v24.14.0/out/Release/obj/gen/inspector-generated-output-root/src/js_protocol.stamp'
tools/v8_gypfiles/v8_inspector_headers.host.mk:13: warning: ignoring old commands for target `/Users/ziangwang/Sources/vibeos/target/node-runtime/source/node-v24.14.0/out/Release/obj/gen/inspector-generated-output-root/src/js_protocol.stamp'
tools/v8_gypfiles/v8_inspector_headers.target.mk:26: warning: overriding commands for target `/Users/ziangwang/Sources/vibeos/target/node-runtime/source/node-v24.14.0/out/Release/obj/gen/inspector-generated-output-root/src/inspector/protocol/Forward.h'
tools/v8_gypfiles/v8_inspector_headers.host.mk:26: warning: ignoring old commands for target `/Users/ziangwang/Sources/vibeos/target/node-runtime/source/node-v24.14.0/out/Release/obj/gen/inspector-generated-output-root/src/inspector/protocol/Forward.h'
tools/v8_gypfiles/v8_inspector_headers.target.mk:26: warning: overriding commands for target `/Users/ziangwang/Sources/vibeos/target/node-runtime/source/node-v24.14.0/out/Release/obj/gen/inspector-generated-output-root/src/inspector/protocol/Protocol.cpp'
tools/v8_gypfiles/v8_inspector_headers.host.mk:26: warning: ignoring old commands for target `/Users/ziangwang/Sources/vibeos/target/node-runtime/source/node-v24.14.0/out/Release/obj/gen/inspector-generated-output-root/src/inspector/protocol/Protocol.cpp'
tools/v8_gypfiles/v8_inspector_headers.target.mk:26: warning: overriding commands for target `/Users/ziangwang/Sources/vibeos/target/node-runtime/source/node-v24.14.0/out/Release/obj/gen/inspector-generated-output-root/src/inspector/protocol/Protocol.h'
tools/v8_gypfiles/v8_inspector_headers.host.mk:26: warning: ignoring old commands for target `/Users/ziangwang/Sources/vibeos/target/node-runtime/source/node-v24.14.0/out/Release/obj/gen/inspector-generated-output-root/src/inspector/protocol/Protocol.h'
tools/v8_gypfiles/v8_inspector_headers.target.mk:26: warning: overriding commands for target `/Users/ziangwang/Sources/vibeos/target/node-runtime/source/node-v24.14.0/out/Release/obj/gen/inspector-generated-output-root/src/inspector/protocol/Console.cpp'
tools/v8_gypfiles/v8_inspector_headers.host.mk:26: warning: ignoring old commands for target `/Users/ziangwang/Sources/vibeos/target/node-runtime/source/node-v24.14.0/out/Release/obj/gen/inspector-generated-output-root/src/inspector/protocol/Console.cpp'
tools/v8_gypfiles/v8_inspector_headers.target.mk:26: warning: overriding commands for target `/Users/ziangwang/Sources/vibeos/target/node-runtime/source/node-v24.14.0/out/Release/obj/gen/inspector-generated-output-root/src/inspector/protocol/Console.h'
tools/v8_gypfiles/v8_inspector_headers.host.mk:26: warning: ignoring old commands for target `/Users/ziangwang/Sources/vibeos/target/node-runtime/source/node-v24.14.0/out/Release/obj/gen/inspector-generated-output-root/src/inspector/protocol/Console.h'
tools/v8_gypfiles/v8_inspector_headers.target.mk:26: warning: overriding commands for target `/Users/ziangwang/Sources/vibeos/target/node-runtime/source/node-v24.14.0/out/Release/obj/gen/inspector-generated-output-root/src/inspector/protocol/Debugger.cpp'
tools/v8_gypfiles/v8_inspector_headers.host.mk:26: warning: ignoring old commands for target `/Users/ziangwang/Sources/vibeos/target/node-runtime/source/node-v24.14.0/out/Release/obj/gen/inspector-generated-output-root/src/inspector/protocol/Debugger.cpp'
tools/v8_gypfiles/v8_inspector_headers.target.mk:26: warning: overriding commands for target `/Users/ziangwang/Sources/vibeos/target/node-runtime/source/node-v24.14.0/out/Release/obj/gen/inspector-generated-output-root/src/inspector/protocol/Debugger.h'
tools/v8_gypfiles/v8_inspector_headers.host.mk:26: warning: ignoring old commands for target `/Users/ziangwang/Sources/vibeos/target/node-runtime/source/node-v24.14.0/out/Release/obj/gen/inspector-generated-output-root/src/inspector/protocol/Debugger.h'
tools/v8_gypfiles/v8_inspector_headers.target.mk:26: warning: overriding commands for target `/Users/ziangwang/Sources/vibeos/target/node-runtime/source/node-v24.14.0/out/Release/obj/gen/inspector-generated-output-root/src/inspector/protocol/HeapProfiler.cpp'
tools/v8_gypfiles/v8_inspector_headers.host.mk:26: warning: ignoring old commands for target `/Users/ziangwang/Sources/vibeos/target/node-runtime/source/node-v24.14.0/out/Release/obj/gen/inspector-generated-output-root/src/inspector/protocol/HeapProfiler.cpp'
tools/v8_gypfiles/v8_inspector_headers.target.mk:26: warning: overriding commands for target `/Users/ziangwang/Sources/vibeos/target/node-runtime/source/node-v24.14.0/out/Release/obj/gen/inspector-generated-output-root/src/inspector/protocol/HeapProfiler.h'
tools/v8_gypfiles/v8_inspector_headers.host.mk:26: warning: ignoring old commands for target `/Users/ziangwang/Sources/vibeos/target/node-runtime/source/node-v24.14.0/out/Release/obj/gen/inspector-generated-output-root/src/inspector/protocol/HeapProfiler.h'
tools/v8_gypfiles/v8_inspector_headers.target.mk:26: warning: overriding commands for target `/Users/ziangwang/Sources/vibeos/target/node-runtime/source/node-v24.14.0/out/Release/obj/gen/inspector-generated-output-root/src/inspector/protocol/Profiler.cpp'
tools/v8_gypfiles/v8_inspector_headers.host.mk:26: warning: ignoring old commands for target `/Users/ziangwang/Sources/vibeos/target/node-runtime/source/node-v24.14.0/out/Release/obj/gen/inspector-generated-output-root/src/inspector/protocol/Profiler.cpp'
tools/v8_gypfiles/v8_inspector_headers.target.mk:26: warning: overriding commands for target `/Users/ziangwang/Sources/vibeos/target/node-runtime/source/node-v24.14.0/out/Release/obj/gen/inspector-generated-output-root/src/inspector/protocol/Profiler.h'
tools/v8_gypfiles/v8_inspector_headers.host.mk:26: warning: ignoring old commands for target `/Users/ziangwang/Sources/vibeos/target/node-runtime/source/node-v24.14.0/out/Release/obj/gen/inspector-generated-output-root/src/inspector/protocol/Profiler.h'
tools/v8_gypfiles/v8_inspector_headers.target.mk:26: warning: overriding commands for target `/Users/ziangwang/Sources/vibeos/target/node-runtime/source/node-v24.14.0/out/Release/obj/gen/inspector-generated-output-root/src/inspector/protocol/Runtime.cpp'
tools/v8_gypfiles/v8_inspector_headers.host.mk:26: warning: ignoring old commands for target `/Users/ziangwang/Sources/vibeos/target/node-runtime/source/node-v24.14.0/out/Release/obj/gen/inspector-generated-output-root/src/inspector/protocol/Runtime.cpp'
tools/v8_gypfiles/v8_inspector_headers.target.mk:26: warning: overriding commands for target `/Users/ziangwang/Sources/vibeos/target/node-runtime/source/node-v24.14.0/out/Release/obj/gen/inspector-generated-output-root/src/inspector/protocol/Runtime.h'
tools/v8_gypfiles/v8_inspector_headers.host.mk:26: warning: ignoring old commands for target `/Users/ziangwang/Sources/vibeos/target/node-runtime/source/node-v24.14.0/out/Release/obj/gen/inspector-generated-output-root/src/inspector/protocol/Runtime.h'
tools/v8_gypfiles/v8_inspector_headers.target.mk:26: warning: overriding commands for target `/Users/ziangwang/Sources/vibeos/target/node-runtime/source/node-v24.14.0/out/Release/obj/gen/inspector-generated-output-root/src/inspector/protocol/Schema.cpp'
tools/v8_gypfiles/v8_inspector_headers.host.mk:26: warning: ignoring old commands for target `/Users/ziangwang/Sources/vibeos/target/node-runtime/source/node-v24.14.0/out/Release/obj/gen/inspector-generated-output-root/src/inspector/protocol/Schema.cpp'
tools/v8_gypfiles/v8_inspector_headers.target.mk:26: warning: overriding commands for target `/Users/ziangwang/Sources/vibeos/target/node-runtime/source/node-v24.14.0/out/Release/obj/gen/inspector-generated-output-root/src/inspector/protocol/Schema.h'
tools/v8_gypfiles/v8_inspector_headers.host.mk:26: warning: ignoring old commands for target `/Users/ziangwang/Sources/vibeos/target/node-runtime/source/node-v24.14.0/out/Release/obj/gen/inspector-generated-output-root/src/inspector/protocol/Schema.h'
tools/v8_gypfiles/v8_inspector_headers.target.mk:26: warning: overriding commands for target `/Users/ziangwang/Sources/vibeos/target/node-runtime/source/node-v24.14.0/out/Release/obj/gen/inspector-generated-output-root/include/inspector/Debugger.h'
tools/v8_gypfiles/v8_inspector_headers.host.mk:26: warning: ignoring old commands for target `/Users/ziangwang/Sources/vibeos/target/node-runtime/source/node-v24.14.0/out/Release/obj/gen/inspector-generated-output-root/include/inspector/Debugger.h'
tools/v8_gypfiles/v8_inspector_headers.target.mk:26: warning: overriding commands for target `/Users/ziangwang/Sources/vibeos/target/node-runtime/source/node-v24.14.0/out/Release/obj/gen/inspector-generated-output-root/include/inspector/Runtime.h'
tools/v8_gypfiles/v8_inspector_headers.host.mk:26: warning: ignoring old commands for target `/Users/ziangwang/Sources/vibeos/target/node-runtime/source/node-v24.14.0/out/Release/obj/gen/inspector-generated-output-root/include/inspector/Runtime.h'
tools/v8_gypfiles/v8_inspector_headers.target.mk:26: warning: overriding commands for target `/Users/ziangwang/Sources/vibeos/target/node-runtime/source/node-v24.14.0/out/Release/obj/gen/inspector-generated-output-root/include/inspector/Schema.h'
tools/v8_gypfiles/v8_inspector_headers.host.mk:26: warning: ignoring old commands for target `/Users/ziangwang/Sources/vibeos/target/node-runtime/source/node-v24.14.0/out/Release/obj/gen/inspector-generated-output-root/include/inspector/Schema.h'
  ACTION Regenerating Makefile
gyp: name 'host_os' is not defined while evaluating condition 'OS=="vibeos" and _toolset=="host" and host_os=="mac"' in deps/uv/uv.gyp
make: *** [Makefile] Error 1
