tools/v8_gypfiles/run_torque.target.mk:13: warning: overriding commands for target `/Users/ziangwang/Sources/vibeos/target/node-runtime/source/node-v24.14.0/out/Release/obj/gen/torque-generated/third_party/v8/builtins/array-sort-tq.inc'
tools/v8_gypfiles/run_torque.host.mk:13: warning: ignoring old commands for target `/Users/ziangwang/Sources/vibeos/target/node-runtime/source/node-v24.14.0/out/Release/obj/gen/torque-generated/third_party/v8/builtins/array-sort-tq.inc'
tools/v8_gypfiles/v8_inspector_headers.target.mk:13: warning: overriding commands for target `/Users/ziangwang/Sources/vibeos/target/node-runtime/source/node-v24.14.0/out/Release/obj/gen/inspector-generated-output-root/src/js_protocol.stamp'
tools/v8_gypfiles/v8_inspector_headers.host.mk:13: warning: ignoring old commands for target `/Users/ziangwang/Sources/vibeos/target/node-runtime/source/node-v24.14.0/out/Release/obj/gen/inspector-generated-output-root/src/js_protocol.stamp'
tools/v8_gypfiles/v8_inspector_headers.target.mk:26: warning: overriding commands for target `/Users/ziangwang/Sources/vibeos/target/node-runtime/source/node-v24.14.0/out/Release/obj/gen/inspector-generated-output-root/src/inspector/protocol/Forward.h'
tools/v8_gypfiles/v8_inspector_headers.host.mk:26: warning: ignoring old commands for target `/Users/ziangwang/Sources/vibeos/target/node-runtime/source/node-v24.14.0/out/Release/obj/gen/inspector-generated-output-root/src/inspector/protocol/Forward.h'
tools/v8_gypfiles/v8_inspector_headers.target.mk:26: warning: overriding commands for target `/Users/ziangwang/Sources/vibeos/target/node-runtime/source/node-v24.14.0/out/Release/obj/gen/inspector-generated-output-root/src/inspector/protocol/Protocol.cpp'
tools/v8_gypfiles/v8_inspector_headers.host.mk:26: warning: ignoring old commands for target `/Users/ziangwang/Sources/vibeos/target/node-runtime/source/node-v24.14.0/out/Release/obj/gen/inspector-generated-output-root/src/inspector/protocol/Protocol.cpp'
tools/v8_gypfiles/v8_inspector_headers.target.mk:26: warning: overriding commands for target `/Users/ziangwang/Sources/vibeos/target/node-runtime/source/node-v24.14.0/out/Release/obj/gen/inspector-generated-output-root/src/inspector/protocol/Protocol.h'
tools/v8_gypfiles/v8_inspector_headers.host.mk:26: warning: ignoring old commands for target `/Users/ziangwang/Sources/vibeos/target/node-runtime/source/node-v24.14.0/out/Release/obj/gen/inspector-generated-output-root/src/inspector/protocol/Protocol.h'
tools/v8_gypfiles/v8_inspector_headers.target.mk:26: warning: overriding commands for target `/Users/ziangwang/Sources/vibeos/target/node-runtime/source/node-v24.14.0/out/Release/obj/gen/inspector-generated-output-root/src/inspector/protocol/Console.cpp'
tools/v8_gypfiles/v8_inspector_headers.host.mk:26: warning: ignoring old commands for target `/Users/ziangwang/Sources/vibeos/target/node-runtime/source/node-v24.14.0/out/Release/obj/gen/inspector-generated-output-root/src/inspector/protocol/Console.cpp'
tools/v8_gypfiles/v8_inspector_headers.target.mk:26: warning: overriding commands for target `/Users/ziangwang/Sources/vibeos/target/node-runtime/source/node-v24.14.0/out/Release/obj/gen/inspector-generated-output-root/src/inspector/protocol/Console.h'
tools/v8_gypfiles/v8_inspector_headers.host.mk:26: warning: ignoring old commands for target `/Users/ziangwang/Sources/vibeos/target/node-runtime/source/node-v24.14.0/out/Release/obj/gen/inspector-generated-output-root/src/inspector/protocol/Console.h'
tools/v8_gypfiles/v8_inspector_headers.target.mk:26: warning: overriding commands for target `/Users/ziangwang/Sources/vibeos/target/node-runtime/source/node-v24.14.0/out/Release/obj/gen/inspector-generated-output-root/src/inspector/protocol/Debugger.cpp'
tools/v8_gypfiles/v8_inspector_headers.host.mk:26: warning: ignoring old commands for target `/Users/ziangwang/Sources/vibeos/target/node-runtime/source/node-v24.14.0/out/Release/obj/gen/inspector-generated-output-root/src/inspector/protocol/Debugger.cpp'
tools/v8_gypfiles/v8_inspector_headers.target.mk:26: warning: overriding commands for target `/Users/ziangwang/Sources/vibeos/target/node-runtime/source/node-v24.14.0/out/Release/obj/gen/inspector-generated-output-root/src/inspector/protocol/Debugger.h'
tools/v8_gypfiles/v8_inspector_headers.host.mk:26: warning: ignoring old commands for target `/Users/ziangwang/Sources/vibeos/target/node-runtime/source/node-v24.14.0/out/Release/obj/gen/inspector-generated-output-root/src/inspector/protocol/Debugger.h'
tools/v8_gypfiles/v8_inspector_headers.target.mk:26: warning: overriding commands for target `/Users/ziangwang/Sources/vibeos/target/node-runtime/source/node-v24.14.0/out/Release/obj/gen/inspector-generated-output-root/src/inspector/protocol/HeapProfiler.cpp'
tools/v8_gypfiles/v8_inspector_headers.host.mk:26: warning: ignoring old commands for target `/Users/ziangwang/Sources/vibeos/target/node-runtime/source/node-v24.14.0/out/Release/obj/gen/inspector-generated-output-root/src/inspector/protocol/HeapProfiler.cpp'
tools/v8_gypfiles/v8_inspector_headers.target.mk:26: warning: overriding commands for target `/Users/ziangwang/Sources/vibeos/target/node-runtime/source/node-v24.14.0/out/Release/obj/gen/inspector-generated-output-root/src/inspector/protocol/HeapProfiler.h'
tools/v8_gypfiles/v8_inspector_headers.host.mk:26: warning: ignoring old commands for target `/Users/ziangwang/Sources/vibeos/target/node-runtime/source/node-v24.14.0/out/Release/obj/gen/inspector-generated-output-root/src/inspector/protocol/HeapProfiler.h'
tools/v8_gypfiles/v8_inspector_headers.target.mk:26: warning: overriding commands for target `/Users/ziangwang/Sources/vibeos/target/node-runtime/source/node-v24.14.0/out/Release/obj/gen/inspector-generated-output-root/src/inspector/protocol/Profiler.cpp'
tools/v8_gypfiles/v8_inspector_headers.host.mk:26: warning: ignoring old commands for target `/Users/ziangwang/Sources/vibeos/target/node-runtime/source/node-v24.14.0/out/Release/obj/gen/inspector-generated-output-root/src/inspector/protocol/Profiler.cpp'
tools/v8_gypfiles/v8_inspector_headers.target.mk:26: warning: overriding commands for target `/Users/ziangwang/Sources/vibeos/target/node-runtime/source/node-v24.14.0/out/Release/obj/gen/inspector-generated-output-root/src/inspector/protocol/Profiler.h'
tools/v8_gypfiles/v8_inspector_headers.host.mk:26: warning: ignoring old commands for target `/Users/ziangwang/Sources/vibeos/target/node-runtime/source/node-v24.14.0/out/Release/obj/gen/inspector-generated-output-root/src/inspector/protocol/Profiler.h'
tools/v8_gypfiles/v8_inspector_headers.target.mk:26: warning: overriding commands for target `/Users/ziangwang/Sources/vibeos/target/node-runtime/source/node-v24.14.0/out/Release/obj/gen/inspector-generated-output-root/src/inspector/protocol/Runtime.cpp'
tools/v8_gypfiles/v8_inspector_headers.host.mk:26: warning: ignoring old commands for target `/Users/ziangwang/Sources/vibeos/target/node-runtime/source/node-v24.14.0/out/Release/obj/gen/inspector-generated-output-root/src/inspector/protocol/Runtime.cpp'
tools/v8_gypfiles/v8_inspector_headers.target.mk:26: warning: overriding commands for target `/Users/ziangwang/Sources/vibeos/target/node-runtime/source/node-v24.14.0/out/Release/obj/gen/inspector-generated-output-root/src/inspector/protocol/Runtime.h'
tools/v8_gypfiles/v8_inspector_headers.host.mk:26: warning: ignoring old commands for target `/Users/ziangwang/Sources/vibeos/target/node-runtime/source/node-v24.14.0/out/Release/obj/gen/inspector-generated-output-root/src/inspector/protocol/Runtime.h'
tools/v8_gypfiles/v8_inspector_headers.target.mk:26: warning: overriding commands for target `/Users/ziangwang/Sources/vibeos/target/node-runtime/source/node-v24.14.0/out/Release/obj/gen/inspector-generated-output-root/src/inspector/protocol/Schema.cpp'
tools/v8_gypfiles/v8_inspector_headers.host.mk:26: warning: ignoring old commands for target `/Users/ziangwang/Sources/vibeos/target/node-runtime/source/node-v24.14.0/out/Release/obj/gen/inspector-generated-output-root/src/inspector/protocol/Schema.cpp'
tools/v8_gypfiles/v8_inspector_headers.target.mk:26: warning: overriding commands for target `/Users/ziangwang/Sources/vibeos/target/node-runtime/source/node-v24.14.0/out/Release/obj/gen/inspector-generated-output-root/src/inspector/protocol/Schema.h'
tools/v8_gypfiles/v8_inspector_headers.host.mk:26: warning: ignoring old commands for target `/Users/ziangwang/Sources/vibeos/target/node-runtime/source/node-v24.14.0/out/Release/obj/gen/inspector-generated-output-root/src/inspector/protocol/Schema.h'
tools/v8_gypfiles/v8_inspector_headers.target.mk:26: warning: overriding commands for target `/Users/ziangwang/Sources/vibeos/target/node-runtime/source/node-v24.14.0/out/Release/obj/gen/inspector-generated-output-root/include/inspector/Debugger.h'
tools/v8_gypfiles/v8_inspector_headers.host.mk:26: warning: ignoring old commands for target `/Users/ziangwang/Sources/vibeos/target/node-runtime/source/node-v24.14.0/out/Release/obj/gen/inspector-generated-output-root/include/inspector/Debugger.h'
tools/v8_gypfiles/v8_inspector_headers.target.mk:26: warning: overriding commands for target `/Users/ziangwang/Sources/vibeos/target/node-runtime/source/node-v24.14.0/out/Release/obj/gen/inspector-generated-output-root/include/inspector/Runtime.h'
tools/v8_gypfiles/v8_inspector_headers.host.mk:26: warning: ignoring old commands for target `/Users/ziangwang/Sources/vibeos/target/node-runtime/source/node-v24.14.0/out/Release/obj/gen/inspector-generated-output-root/include/inspector/Runtime.h'
tools/v8_gypfiles/v8_inspector_headers.target.mk:26: warning: overriding commands for target `/Users/ziangwang/Sources/vibeos/target/node-runtime/source/node-v24.14.0/out/Release/obj/gen/inspector-generated-output-root/include/inspector/Schema.h'
tools/v8_gypfiles/v8_inspector_headers.host.mk:26: warning: ignoring old commands for target `/Users/ziangwang/Sources/vibeos/target/node-runtime/source/node-v24.14.0/out/Release/obj/gen/inspector-generated-output-root/include/inspector/Schema.h'
  CXX(target) /Users/ziangwang/Sources/vibeos/target/node-runtime/source/node-v24.14.0/out/Release/obj.target/libnode/src/debug_utils.o
  CXX(target) /Users/ziangwang/Sources/vibeos/target/node-runtime/source/node-v24.14.0/out/Release/obj.target/libnode/src/encoding_binding.o
  CXX(target) /Users/ziangwang/Sources/vibeos/target/node-runtime/source/node-v24.14.0/out/Release/obj.target/libnode/src/env.o
  CXX(target) /Users/ziangwang/Sources/vibeos/target/node-runtime/source/node-v24.14.0/out/Release/obj.target/libnode/src/fs_event_wrap.o
  CXX(target) /Users/ziangwang/Sources/vibeos/target/node-runtime/source/node-v24.14.0/out/Release/obj.target/libnode/src/handle_wrap.o
  CXX(target) /Users/ziangwang/Sources/vibeos/target/node-runtime/source/node-v24.14.0/out/Release/obj.target/libnode/src/heap_utils.o
  CXX(target) /Users/ziangwang/Sources/vibeos/target/node-runtime/source/node-v24.14.0/out/Release/obj.target/libnode/src/histogram.o
  CXX(target) /Users/ziangwang/Sources/vibeos/target/node-runtime/source/node-v24.14.0/out/Release/obj.target/libnode/src/internal_only_v8.o
  CXX(target) /Users/ziangwang/Sources/vibeos/target/node-runtime/source/node-v24.14.0/out/Release/obj.target/libnode/src/js_native_api_v8.o
  CXX(target) /Users/ziangwang/Sources/vibeos/target/node-runtime/source/node-v24.14.0/out/Release/obj.target/libnode/src/js_stream.o
  CXX(target) /Users/ziangwang/Sources/vibeos/target/node-runtime/source/node-v24.14.0/out/Release/obj.target/libnode/src/json_utils.o
  CXX(target) /Users/ziangwang/Sources/vibeos/target/node-runtime/source/node-v24.14.0/out/Release/obj.target/libnode/src/js_udp_wrap.o
  CXX(target) /Users/ziangwang/Sources/vibeos/target/node-runtime/source/node-v24.14.0/out/Release/obj.target/libnode/src/module_wrap.o
In file included from ../src/js_udp_wrap.cc:4:
../src/node_sockaddr-inl.h: In static member function 'static bool node::SocketAddress::is_numeric_host(const char*, int)':
../src/node_sockaddr-inl.h:34:10: error: 'inet_pton' was not declared in this scope; did you mean 'uv_inet_pton'?
   34 |   return inet_pton(family, hostname, &dst) == 1;
      |          ^~~~~~~~~
      |          uv_inet_pton
../src/node_sockaddr-inl.h: In static member function 'static int node::SocketAddress::GetPort(const sockaddr*)':
../src/node_sockaddr-inl.h:39:10: error: 'ntohs' was not declared in this scope
   39 |   return ntohs(addr->sa_family == AF_INET ?
      |          ^~~~~
make: *** [/Users/ziangwang/Sources/vibeos/target/node-runtime/source/node-v24.14.0/out/Release/obj.target/libnode/src/js_udp_wrap.o] Error 1
make: *** Waiting for unfinished jobs....
