
OpenSBI v1.7
   ____                    _____ ____ _____
  / __ \                  / ____|  _ \_   _|
 | |  | |_ __   ___ _ __ | (___ | |_) || |
 | |  | | '_ \ / _ \ '_ \ \___ \|  _ < | |
 | |__| | |_) |  __/ | | |____) | |_) || |_
  \____/| .__/ \___|_| |_|_____/|____/_____|
        | |
        |_|

Platform Name               : riscv-virtio,qemu
Platform Features           : medeleg
Platform HART Count         : 4
Platform IPI Device         : aclint-mswi
Platform Timer Device       : aclint-mtimer @ 10000000Hz
Platform Console Device     : uart8250
Platform HSM Device         : ---
Platform PMU Device         : ---
Platform Reboot Device      : syscon-reboot
Platform Shutdown Device    : syscon-poweroff
Platform Suspend Device     : ---
Platform CPPC Device        : ---
Firmware Base               : 0x80000000
Firmware Size               : 353 KB
Firmware RW Offset          : 0x40000
Firmware RW Size            : 97 KB
Firmware Heap Offset        : 0x4c000
Firmware Heap Size          : 49 KB (total), 3 KB (reserved), 12 KB (used), 33 KB (free)
Firmware Scratch Size       : 4096 B (total), 1400 B (used), 2696 B (free)
Runtime SBI Version         : 3.0
Standard SBI Extensions     : time,rfnc,ipi,base,hsm,srst,pmu,dbcn,fwft,legacy,dbtr,sse
Experimental SBI Extensions : none

Domain0 Name                : root
Domain0 Boot HART           : 3
Domain0 HARTs               : 0*,1*,2*,3*
Domain0 Region00            : 0x0000000000100000-0x0000000000100fff M: (I,R,W) S/U: (R,W)
Domain0 Region01            : 0x0000000010000000-0x0000000010000fff M: (I,R,W) S/U: (R,W)
Domain0 Region02            : 0x0000000002000000-0x000000000200ffff M: (I,R,W) S/U: ()
Domain0 Region03            : 0x0000000080040000-0x000000008005ffff M: (R,W) S/U: ()
Domain0 Region04            : 0x0000000080000000-0x000000008003ffff M: (R,X) S/U: ()
Domain0 Region05            : 0x000000000c400000-0x000000000c5fffff M: (I,R,W) S/U: (R,W)
Domain0 Region06            : 0x000000000c000000-0x000000000c3fffff M: (I,R,W) S/U: (R,W)
Domain0 Region07            : 0x0000000000000000-0xffffffffffffffff M: () S/U: (R,W,X)
Domain0 Next Address        : 0x0000000080200000
Domain0 Next Arg1           : 0x00000000bfe00000
Domain0 Next Mode           : S-mode
Domain0 SysReset            : yes
Domain0 SysSuspend          : yes

Boot HART ID                : 3
Boot HART Domain            : root
Boot HART Priv Version      : v1.12
Boot HART Base ISA          : rv64imafdch
Boot HART ISA Extensions    : sstc,zicntr,zihpm,zicboz,zicbom,sdtrig,svadu
Boot HART PMP Count         : 16
Boot HART PMP Granularity   : 2 bits
Boot HART PMP Address Bits  : 54
Boot HART MHPM Info         : 16 (0x0007fff8)
Boot HART Debug Triggers    : 2 triggers
Boot HART MIDELEG           : 0x0000000000001666
Boot HART MEDELEG           : 0x0000000000f4b509

   __   __ __  _           ____  ____
   \ \ / /(_)| |__   ___  / __ \/ ___|
    \ V / | || '_ \ / _ \| |  | \___ \
     \_/  |_||_.__/ \___/ \____/|____/   v0.1

  platform  QEMU virt (10 MHz timebase)
  heap      0x82d0e000..0xc0000000  (1002440 KiB)
  traps     stvec armed, PLIC ctx S/hart3, IRQ 10 enabled
  smp       4 hart(s) online
  mmu       Sv39 single address space, hart mask 0xf
  pci       1 function(s), ECAM 0x30000000, MMIO 0x40000000..0x80000000
  W^X       2048 KiB code pool 0x8260e000..0x8280e000, MXR clear, RFENCE ready
  read-only 9124 KiB .rodata 0x819b0000..0x82299000; 4096 KiB COW capability-table pool
  world     9 capability spaces, 1 typed channel, 5 components
  sched     async executor, no threads, no preemption

VibeOS vsh ready -- capability-native shell.

[2Kvsh> [2KV8 GATE native_entry ram=1GiB stack=256KiB
vsh> [2KNODE PROJECT cjs=42 sync_file=1 PASS
vsh> [2KNODE SMOKE buffer promise timer=42 PASS
vsh> [2KNODE SMOKE queued zlib roundtrip PASS
vsh> [2KNODE PROJECT esm=99 dynamic_import=1 async_file=1 PASS
vsh> [2K(node:1) ExperimentalWarning: WASI is an experimental feature and might change at any time
(Use `node --trace-warnings ...` to show where the warning was created)
vsh> [2KNODE EXIT observed=7 PASS
vsh> [2KNODE EXIT explicit=1 PASS
vsh> [2KNODE SMOKE teardown PASS
vsh> [2KNODE STDIN utf8=1 eof=1 bytes=15 PASS
vsh> [2KV8 GATE memory global_live_before=776064 global_live_after=36161664 global_peak=305743744 bump_remaining=720729728
vsh> [2KV8 GATE returned=7 parks=28 waiters=0
vsh> 