  CC(target) /Users/ziangwang/Sources/vibeos/target/node-runtime/fresh-57/source/node-v24.14.0/out/Release/obj.target/histogram/deps/histogram/src/hdr_histogram.o
  CC(target) /Users/ziangwang/Sources/vibeos/target/node-runtime/fresh-57/source/node-v24.14.0/out/Release/obj.target/zlib/deps/zlib/adler32.o
  CC(target) /Users/ziangwang/Sources/vibeos/target/node-runtime/fresh-57/source/node-v24.14.0/out/Release/obj.target/zlib/deps/zlib/compress.o
  CC(target) /Users/ziangwang/Sources/vibeos/target/node-runtime/fresh-57/source/node-v24.14.0/out/Release/obj.target/zlib/deps/zlib/cpu_features.o
  CC(target) /Users/ziangwang/Sources/vibeos/target/node-runtime/fresh-57/source/node-v24.14.0/out/Release/obj.target/zlib/deps/zlib/crc32.o
  CC(target) /Users/ziangwang/Sources/vibeos/target/node-runtime/fresh-57/source/node-v24.14.0/out/Release/obj.target/zlib/deps/zlib/deflate.o
  CC(target) /Users/ziangwang/Sources/vibeos/target/node-runtime/fresh-57/source/node-v24.14.0/out/Release/obj.target/zlib/deps/zlib/gzclose.o
  CC(target) /Users/ziangwang/Sources/vibeos/target/node-runtime/fresh-57/source/node-v24.14.0/out/Release/obj.target/zlib/deps/zlib/gzlib.o
  CC(target) /Users/ziangwang/Sources/vibeos/target/node-runtime/fresh-57/source/node-v24.14.0/out/Release/obj.target/zlib/deps/zlib/gzread.o
  CC(target) /Users/ziangwang/Sources/vibeos/target/node-runtime/fresh-57/source/node-v24.14.0/out/Release/obj.target/zlib/deps/zlib/gzwrite.o
  CC(target) /Users/ziangwang/Sources/vibeos/target/node-runtime/fresh-57/source/node-v24.14.0/out/Release/obj.target/zlib/deps/zlib/infback.o
  CC(target) /Users/ziangwang/Sources/vibeos/target/node-runtime/fresh-57/source/node-v24.14.0/out/Release/obj.target/zlib/deps/zlib/inffast.o
  CC(target) /Users/ziangwang/Sources/vibeos/target/node-runtime/fresh-57/source/node-v24.14.0/out/Release/obj.target/zlib/deps/zlib/inftrees.o
  CC(target) /Users/ziangwang/Sources/vibeos/target/node-runtime/fresh-57/source/node-v24.14.0/out/Release/obj.target/zlib/deps/zlib/trees.o
  CC(target) /Users/ziangwang/Sources/vibeos/target/node-runtime/fresh-57/source/node-v24.14.0/out/Release/obj.target/zlib/deps/zlib/uncompr.o
  CC(target) /Users/ziangwang/Sources/vibeos/target/node-runtime/fresh-57/source/node-v24.14.0/out/Release/obj.target/zlib/deps/zlib/zutil.o
  CC(target) /Users/ziangwang/Sources/vibeos/target/node-runtime/fresh-57/source/node-v24.14.0/out/Release/obj.target/zlib/deps/zlib/inflate.o
  CC(target) /Users/ziangwang/Sources/vibeos/target/node-runtime/fresh-57/source/node-v24.14.0/out/Release/obj.target/llhttp/deps/llhttp/src/llhttp.o
  CC(target) /Users/ziangwang/Sources/vibeos/target/node-runtime/fresh-57/source/node-v24.14.0/out/Release/obj.target/llhttp/deps/llhttp/src/api.o
  CC(target) /Users/ziangwang/Sources/vibeos/target/node-runtime/fresh-57/source/node-v24.14.0/out/Release/obj.target/llhttp/deps/llhttp/src/http.o
  CC(target) /Users/ziangwang/Sources/vibeos/target/node-runtime/fresh-57/source/node-v24.14.0/out/Release/obj.target/nghttp2/deps/nghttp2/lib/nghttp2_buf.o
  CC(target) /Users/ziangwang/Sources/vibeos/target/node-runtime/fresh-57/source/node-v24.14.0/out/Release/obj.target/nghttp2/deps/nghttp2/lib/nghttp2_callbacks.o
  CC(target) /Users/ziangwang/Sources/vibeos/target/node-runtime/fresh-57/source/node-v24.14.0/out/Release/obj.target/nghttp2/deps/nghttp2/lib/nghttp2_debug.o
  CC(target) /Users/ziangwang/Sources/vibeos/target/node-runtime/fresh-57/source/node-v24.14.0/out/Release/obj.target/nghttp2/deps/nghttp2/lib/nghttp2_extpri.o
  CC(target) /Users/ziangwang/Sources/vibeos/target/node-runtime/fresh-57/source/node-v24.14.0/out/Release/obj.target/nghttp2/deps/nghttp2/lib/nghttp2_frame.o
  CC(target) /Users/ziangwang/Sources/vibeos/target/node-runtime/fresh-57/source/node-v24.14.0/out/Release/obj.target/nghttp2/deps/nghttp2/lib/nghttp2_hd.o
  CC(target) /Users/ziangwang/Sources/vibeos/target/node-runtime/fresh-57/source/node-v24.14.0/out/Release/obj.target/nghttp2/deps/nghttp2/lib/nghttp2_hd_huffman.o
  CC(target) /Users/ziangwang/Sources/vibeos/target/node-runtime/fresh-57/source/node-v24.14.0/out/Release/obj.target/nghttp2/deps/nghttp2/lib/nghttp2_hd_huffman_data.o
  CC(target) /Users/ziangwang/Sources/vibeos/target/node-runtime/fresh-57/source/node-v24.14.0/out/Release/obj.target/nghttp2/deps/nghttp2/lib/nghttp2_helper.o
  CC(target) /Users/ziangwang/Sources/vibeos/target/node-runtime/fresh-57/source/node-v24.14.0/out/Release/obj.target/nghttp2/deps/nghttp2/lib/nghttp2_http.o
  CC(target) /Users/ziangwang/Sources/vibeos/target/node-runtime/fresh-57/source/node-v24.14.0/out/Release/obj.target/nghttp2/deps/nghttp2/lib/nghttp2_map.o
  CC(target) /Users/ziangwang/Sources/vibeos/target/node-runtime/fresh-57/source/node-v24.14.0/out/Release/obj.target/nghttp2/deps/nghttp2/lib/nghttp2_mem.o
  CC(target) /Users/ziangwang/Sources/vibeos/target/node-runtime/fresh-57/source/node-v24.14.0/out/Release/obj.target/nghttp2/deps/nghttp2/lib/nghttp2_alpn.o
  CC(target) /Users/ziangwang/Sources/vibeos/target/node-runtime/fresh-57/source/node-v24.14.0/out/Release/obj.target/nghttp2/deps/nghttp2/lib/nghttp2_option.o
  CC(target) /Users/ziangwang/Sources/vibeos/target/node-runtime/fresh-57/source/node-v24.14.0/out/Release/obj.target/nghttp2/deps/nghttp2/lib/nghttp2_outbound_item.o
  CC(target) /Users/ziangwang/Sources/vibeos/target/node-runtime/fresh-57/source/node-v24.14.0/out/Release/obj.target/nghttp2/deps/nghttp2/lib/nghttp2_pq.o
  CC(target) /Users/ziangwang/Sources/vibeos/target/node-runtime/fresh-57/source/node-v24.14.0/out/Release/obj.target/nghttp2/deps/nghttp2/lib/nghttp2_priority_spec.o
  CC(target) /Users/ziangwang/Sources/vibeos/target/node-runtime/fresh-57/source/node-v24.14.0/out/Release/obj.target/nghttp2/deps/nghttp2/lib/nghttp2_queue.o
  CC(target) /Users/ziangwang/Sources/vibeos/target/node-runtime/fresh-57/source/node-v24.14.0/out/Release/obj.target/nghttp2/deps/nghttp2/lib/nghttp2_ratelim.o
  CC(target) /Users/ziangwang/Sources/vibeos/target/node-runtime/fresh-57/source/node-v24.14.0/out/Release/obj.target/nghttp2/deps/nghttp2/lib/nghttp2_rcbuf.o
  CC(target) /Users/ziangwang/Sources/vibeos/target/node-runtime/fresh-57/source/node-v24.14.0/out/Release/obj.target/nghttp2/deps/nghttp2/lib/nghttp2_session.o
  CC(target) /Users/ziangwang/Sources/vibeos/target/node-runtime/fresh-57/source/node-v24.14.0/out/Release/obj.target/nghttp2/deps/nghttp2/lib/nghttp2_stream.o
  CC(target) /Users/ziangwang/Sources/vibeos/target/node-runtime/fresh-57/source/node-v24.14.0/out/Release/obj.target/nghttp2/deps/nghttp2/lib/nghttp2_submit.o
  CC(target) /Users/ziangwang/Sources/vibeos/target/node-runtime/fresh-57/source/node-v24.14.0/out/Release/obj.target/nghttp2/deps/nghttp2/lib/nghttp2_time.o
  CC(target) /Users/ziangwang/Sources/vibeos/target/node-runtime/fresh-57/source/node-v24.14.0/out/Release/obj.target/nghttp2/deps/nghttp2/lib/nghttp2_version.o
  CC(target) /Users/ziangwang/Sources/vibeos/target/node-runtime/fresh-57/source/node-v24.14.0/out/Release/obj.target/nghttp2/deps/nghttp2/lib/sfparse.o
  CXX(target) /Users/ziangwang/Sources/vibeos/target/node-runtime/fresh-57/source/node-v24.14.0/out/Release/obj.target/ada/deps/ada/ada.o
  CXX(target) /Users/ziangwang/Sources/vibeos/target/node-runtime/fresh-57/source/node-v24.14.0/out/Release/obj.target/merve/deps/merve/merve.o
  CXX(target) /Users/ziangwang/Sources/vibeos/target/node-runtime/fresh-57/source/node-v24.14.0/out/Release/obj.target/simdjson/deps/simdjson/simdjson.o
  CC(target) /Users/ziangwang/Sources/vibeos/target/node-runtime/fresh-57/source/node-v24.14.0/out/Release/obj.target/brotli/deps/brotli/c/common/constants.o
  CC(target) /Users/ziangwang/Sources/vibeos/target/node-runtime/fresh-57/source/node-v24.14.0/out/Release/obj.target/brotli/deps/brotli/c/common/context.o
  CC(target) /Users/ziangwang/Sources/vibeos/target/node-runtime/fresh-57/source/node-v24.14.0/out/Release/obj.target/brotli/deps/brotli/c/common/dictionary.o
  CC(target) /Users/ziangwang/Sources/vibeos/target/node-runtime/fresh-57/source/node-v24.14.0/out/Release/obj.target/brotli/deps/brotli/c/common/platform.o
  CC(target) /Users/ziangwang/Sources/vibeos/target/node-runtime/fresh-57/source/node-v24.14.0/out/Release/obj.target/brotli/deps/brotli/c/common/shared_dictionary.o
  CC(target) /Users/ziangwang/Sources/vibeos/target/node-runtime/fresh-57/source/node-v24.14.0/out/Release/obj.target/brotli/deps/brotli/c/common/transform.o
  CC(target) /Users/ziangwang/Sources/vibeos/target/node-runtime/fresh-57/source/node-v24.14.0/out/Release/obj.target/brotli/deps/brotli/c/dec/bit_reader.o
  CC(target) /Users/ziangwang/Sources/vibeos/target/node-runtime/fresh-57/source/node-v24.14.0/out/Release/obj.target/brotli/deps/brotli/c/dec/decode.o
  CC(target) /Users/ziangwang/Sources/vibeos/target/node-runtime/fresh-57/source/node-v24.14.0/out/Release/obj.target/brotli/deps/brotli/c/dec/huffman.o
  CC(target) /Users/ziangwang/Sources/vibeos/target/node-runtime/fresh-57/source/node-v24.14.0/out/Release/obj.target/brotli/deps/brotli/c/dec/prefix.o
  CC(target) /Users/ziangwang/Sources/vibeos/target/node-runtime/fresh-57/source/node-v24.14.0/out/Release/obj.target/brotli/deps/brotli/c/dec/state.o
  CC(target) /Users/ziangwang/Sources/vibeos/target/node-runtime/fresh-57/source/node-v24.14.0/out/Release/obj.target/brotli/deps/brotli/c/dec/static_init.o
  CC(target) /Users/ziangwang/Sources/vibeos/target/node-runtime/fresh-57/source/node-v24.14.0/out/Release/obj.target/brotli/deps/brotli/c/enc/backward_references.o
  CC(target) /Users/ziangwang/Sources/vibeos/target/node-runtime/fresh-57/source/node-v24.14.0/out/Release/obj.target/brotli/deps/brotli/c/enc/backward_references_hq.o
  CC(target) /Users/ziangwang/Sources/vibeos/target/node-runtime/fresh-57/source/node-v24.14.0/out/Release/obj.target/brotli/deps/brotli/c/enc/bit_cost.o
  CC(target) /Users/ziangwang/Sources/vibeos/target/node-runtime/fresh-57/source/node-v24.14.0/out/Release/obj.target/brotli/deps/brotli/c/enc/block_splitter.o
  CC(target) /Users/ziangwang/Sources/vibeos/target/node-runtime/fresh-57/source/node-v24.14.0/out/Release/obj.target/brotli/deps/brotli/c/enc/brotli_bit_stream.o
  CC(target) /Users/ziangwang/Sources/vibeos/target/node-runtime/fresh-57/source/node-v24.14.0/out/Release/obj.target/brotli/deps/brotli/c/enc/cluster.o
  CC(target) /Users/ziangwang/Sources/vibeos/target/node-runtime/fresh-57/source/node-v24.14.0/out/Release/obj.target/brotli/deps/brotli/c/enc/command.o
  CC(target) /Users/ziangwang/Sources/vibeos/target/node-runtime/fresh-57/source/node-v24.14.0/out/Release/obj.target/brotli/deps/brotli/c/enc/compound_dictionary.o
  CC(target) /Users/ziangwang/Sources/vibeos/target/node-runtime/fresh-57/source/node-v24.14.0/out/Release/obj.target/brotli/deps/brotli/c/enc/compress_fragment.o
  CC(target) /Users/ziangwang/Sources/vibeos/target/node-runtime/fresh-57/source/node-v24.14.0/out/Release/obj.target/brotli/deps/brotli/c/enc/compress_fragment_two_pass.o
  CC(target) /Users/ziangwang/Sources/vibeos/target/node-runtime/fresh-57/source/node-v24.14.0/out/Release/obj.target/brotli/deps/brotli/c/enc/dictionary_hash.o
  CC(target) /Users/ziangwang/Sources/vibeos/target/node-runtime/fresh-57/source/node-v24.14.0/out/Release/obj.target/brotli/deps/brotli/c/enc/encode.o
  CC(target) /Users/ziangwang/Sources/vibeos/target/node-runtime/fresh-57/source/node-v24.14.0/out/Release/obj.target/brotli/deps/brotli/c/enc/encoder_dict.o
  CC(target) /Users/ziangwang/Sources/vibeos/target/node-runtime/fresh-57/source/node-v24.14.0/out/Release/obj.target/brotli/deps/brotli/c/enc/entropy_encode.o
  CC(target) /Users/ziangwang/Sources/vibeos/target/node-runtime/fresh-57/source/node-v24.14.0/out/Release/obj.target/brotli/deps/brotli/c/enc/fast_log.o
  CC(target) /Users/ziangwang/Sources/vibeos/target/node-runtime/fresh-57/source/node-v24.14.0/out/Release/obj.target/brotli/deps/brotli/c/enc/histogram.o
  CC(target) /Users/ziangwang/Sources/vibeos/target/node-runtime/fresh-57/source/node-v24.14.0/out/Release/obj.target/brotli/deps/brotli/c/enc/literal_cost.o
  CC(target) /Users/ziangwang/Sources/vibeos/target/node-runtime/fresh-57/source/node-v24.14.0/out/Release/obj.target/brotli/deps/brotli/c/enc/memory.o
  CC(target) /Users/ziangwang/Sources/vibeos/target/node-runtime/fresh-57/source/node-v24.14.0/out/Release/obj.target/brotli/deps/brotli/c/enc/metablock.o
  CC(target) /Users/ziangwang/Sources/vibeos/target/node-runtime/fresh-57/source/node-v24.14.0/out/Release/obj.target/brotli/deps/brotli/c/enc/static_dict.o
  CC(target) /Users/ziangwang/Sources/vibeos/target/node-runtime/fresh-57/source/node-v24.14.0/out/Release/obj.target/brotli/deps/brotli/c/enc/static_dict_lut.o
  CC(target) /Users/ziangwang/Sources/vibeos/target/node-runtime/fresh-57/source/node-v24.14.0/out/Release/obj.target/brotli/deps/brotli/c/enc/static_init.o
  CC(target) /Users/ziangwang/Sources/vibeos/target/node-runtime/fresh-57/source/node-v24.14.0/out/Release/obj.target/brotli/deps/brotli/c/enc/utf8_util.o
  CC(target) /Users/ziangwang/Sources/vibeos/target/node-runtime/fresh-57/source/node-v24.14.0/out/Release/obj.target/zstd/deps/zstd/lib/common/debug.o
  CC(target) /Users/ziangwang/Sources/vibeos/target/node-runtime/fresh-57/source/node-v24.14.0/out/Release/obj.target/zstd/deps/zstd/lib/common/entropy_common.o
  CC(target) /Users/ziangwang/Sources/vibeos/target/node-runtime/fresh-57/source/node-v24.14.0/out/Release/obj.target/zstd/deps/zstd/lib/common/fse_decompress.o
  CC(target) /Users/ziangwang/Sources/vibeos/target/node-runtime/fresh-57/source/node-v24.14.0/out/Release/obj.target/zstd/deps/zstd/lib/compress/fse_compress.o
  CC(target) /Users/ziangwang/Sources/vibeos/target/node-runtime/fresh-57/source/node-v24.14.0/out/Release/obj.target/zstd/deps/zstd/lib/compress/huf_compress.o
  CC(target) /Users/ziangwang/Sources/vibeos/target/node-runtime/fresh-57/source/node-v24.14.0/out/Release/obj.target/zstd/deps/zstd/lib/decompress/huf_decompress.o
  CC(target) /Users/ziangwang/Sources/vibeos/target/node-runtime/fresh-57/source/node-v24.14.0/out/Release/obj.target/zstd/deps/zstd/lib/common/pool.o
  CC(target) /Users/ziangwang/Sources/vibeos/target/node-runtime/fresh-57/source/node-v24.14.0/out/Release/obj.target/zstd/deps/zstd/lib/common/threading.o
  CC(target) /Users/ziangwang/Sources/vibeos/target/node-runtime/fresh-57/source/node-v24.14.0/out/Release/obj.target/zstd/deps/zstd/lib/common/xxhash.o
  CC(target) /Users/ziangwang/Sources/vibeos/target/node-runtime/fresh-57/source/node-v24.14.0/out/Release/obj.target/zstd/deps/zstd/lib/common/zstd_common.o
  CC(target) /Users/ziangwang/Sources/vibeos/target/node-runtime/fresh-57/source/node-v24.14.0/out/Release/obj.target/zstd/deps/zstd/lib/common/error_private.o
  CC(target) /Users/ziangwang/Sources/vibeos/target/node-runtime/fresh-57/source/node-v24.14.0/out/Release/obj.target/zstd/deps/zstd/lib/compress/hist.o
  CC(target) /Users/ziangwang/Sources/vibeos/target/node-runtime/fresh-57/source/node-v24.14.0/out/Release/obj.target/zstd/deps/zstd/lib/compress/zstd_compress.o
  CC(target) /Users/ziangwang/Sources/vibeos/target/node-runtime/fresh-57/source/node-v24.14.0/out/Release/obj.target/zstd/deps/zstd/lib/compress/zstd_compress_literals.o
  CC(target) /Users/ziangwang/Sources/vibeos/target/node-runtime/fresh-57/source/node-v24.14.0/out/Release/obj.target/zstd/deps/zstd/lib/compress/zstd_compress_sequences.o
  CC(target) /Users/ziangwang/Sources/vibeos/target/node-runtime/fresh-57/source/node-v24.14.0/out/Release/obj.target/zstd/deps/zstd/lib/compress/zstd_compress_superblock.o
  CC(target) /Users/ziangwang/Sources/vibeos/target/node-runtime/fresh-57/source/node-v24.14.0/out/Release/obj.target/zstd/deps/zstd/lib/compress/zstd_double_fast.o
  CC(target) /Users/ziangwang/Sources/vibeos/target/node-runtime/fresh-57/source/node-v24.14.0/out/Release/obj.target/zstd/deps/zstd/lib/compress/zstd_fast.o
  CC(target) /Users/ziangwang/Sources/vibeos/target/node-runtime/fresh-57/source/node-v24.14.0/out/Release/obj.target/zstd/deps/zstd/lib/compress/zstd_lazy.o
  CC(target) /Users/ziangwang/Sources/vibeos/target/node-runtime/fresh-57/source/node-v24.14.0/out/Release/obj.target/zstd/deps/zstd/lib/compress/zstd_ldm.o
  CC(target) /Users/ziangwang/Sources/vibeos/target/node-runtime/fresh-57/source/node-v24.14.0/out/Release/obj.target/zstd/deps/zstd/lib/compress/zstd_opt.o
  CC(target) /Users/ziangwang/Sources/vibeos/target/node-runtime/fresh-57/source/node-v24.14.0/out/Release/obj.target/zstd/deps/zstd/lib/compress/zstd_preSplit.o
  CC(target) /Users/ziangwang/Sources/vibeos/target/node-runtime/fresh-57/source/node-v24.14.0/out/Release/obj.target/zstd/deps/zstd/lib/compress/zstdmt_compress.o
  CC(target) /Users/ziangwang/Sources/vibeos/target/node-runtime/fresh-57/source/node-v24.14.0/out/Release/obj.target/zstd/deps/zstd/lib/decompress/zstd_ddict.o
  CC(target) /Users/ziangwang/Sources/vibeos/target/node-runtime/fresh-57/source/node-v24.14.0/out/Release/obj.target/zstd/deps/zstd/lib/decompress/zstd_decompress.o
  CC(target) /Users/ziangwang/Sources/vibeos/target/node-runtime/fresh-57/source/node-v24.14.0/out/Release/obj.target/zstd/deps/zstd/lib/decompress/zstd_decompress_block.o
  CXX(target) /Users/ziangwang/Sources/vibeos/target/node-runtime/fresh-57/source/node-v24.14.0/out/Release/obj.target/nbytes/deps/nbytes/src/nbytes.o
  AR(target) /Users/ziangwang/Sources/vibeos/target/node-runtime/fresh-57/source/node-v24.14.0/out/Release/obj.target/deps/histogram/libhistogram.a
  AR(target) /Users/ziangwang/Sources/vibeos/target/node-runtime/fresh-57/source/node-v24.14.0/out/Release/obj.target/deps/zlib/libzlib.a
  AR(target) /Users/ziangwang/Sources/vibeos/target/node-runtime/fresh-57/source/node-v24.14.0/out/Release/obj.target/deps/llhttp/libllhttp.a
  AR(target) /Users/ziangwang/Sources/vibeos/target/node-runtime/fresh-57/source/node-v24.14.0/out/Release/obj.target/deps/nghttp2/libnghttp2.a
  AR(target) /Users/ziangwang/Sources/vibeos/target/node-runtime/fresh-57/source/node-v24.14.0/out/Release/obj.target/deps/ada/libada.a
  AR(target) /Users/ziangwang/Sources/vibeos/target/node-runtime/fresh-57/source/node-v24.14.0/out/Release/obj.target/deps/merve/libmerve.a
  AR(target) /Users/ziangwang/Sources/vibeos/target/node-runtime/fresh-57/source/node-v24.14.0/out/Release/obj.target/deps/simdjson/libsimdjson.a
  AR(target) /Users/ziangwang/Sources/vibeos/target/node-runtime/fresh-57/source/node-v24.14.0/out/Release/obj.target/deps/brotli/libbrotli.a
  AR(target) /Users/ziangwang/Sources/vibeos/target/node-runtime/fresh-57/source/node-v24.14.0/out/Release/obj.target/deps/nbytes/libnbytes.a
  AR(target) /Users/ziangwang/Sources/vibeos/target/node-runtime/fresh-57/source/node-v24.14.0/out/Release/obj.target/deps/zstd/libzstd.a
