  CXX(host) /Users/ziangwang/Sources/vibeos/target/node-runtime/fresh-57/source/node-v24.14.0/out/Release/obj.host/node_js2c/tools/js2c.o
  CXX(host) /Users/ziangwang/Sources/vibeos/target/node-runtime/fresh-57/source/node-v24.14.0/out/Release/obj.host/node_js2c/src/embedded_data.o
  TOUCH /Users/ziangwang/Sources/vibeos/target/node-runtime/fresh-57/source/node-v24.14.0/out/Release/obj.target/deps/googletest/gtest_prod.stamp
  LINK(host) /Users/ziangwang/Sources/vibeos/target/node-runtime/fresh-57/source/node-v24.14.0/out/Release/node_js2c
  ACTION _Users_ziangwang_Sources_vibeos_target_node_runtime_fresh_57_source_node_v24_14_0_node_gyp_libnode_target_node_js2c /Users/ziangwang/Sources/vibeos/target/node-runtime/fresh-57/source/node-v24.14.0/out/Release/obj/gen/node_javascript.cc
  CXX(target) /Users/ziangwang/Sources/vibeos/target/node-runtime/fresh-57/source/node-v24.14.0/out/Release/obj.target/libnode/src/api/async_resource.o
  CXX(target) /Users/ziangwang/Sources/vibeos/target/node-runtime/fresh-57/source/node-v24.14.0/out/Release/obj.target/libnode/src/api/callback.o
  CXX(target) /Users/ziangwang/Sources/vibeos/target/node-runtime/fresh-57/source/node-v24.14.0/out/Release/obj.target/libnode/src/api/embed_helpers.o
  CXX(target) /Users/ziangwang/Sources/vibeos/target/node-runtime/fresh-57/source/node-v24.14.0/out/Release/obj.target/libnode/src/api/encoding.o
  CXX(target) /Users/ziangwang/Sources/vibeos/target/node-runtime/fresh-57/source/node-v24.14.0/out/Release/obj.target/libnode/src/api/environment.o
  CXX(target) /Users/ziangwang/Sources/vibeos/target/node-runtime/fresh-57/source/node-v24.14.0/out/Release/obj.target/libnode/src/api/exceptions.o
  CXX(target) /Users/ziangwang/Sources/vibeos/target/node-runtime/fresh-57/source/node-v24.14.0/out/Release/obj.target/libnode/src/api/hooks.o
  CXX(target) /Users/ziangwang/Sources/vibeos/target/node-runtime/fresh-57/source/node-v24.14.0/out/Release/obj.target/libnode/src/api/utils.o
  CXX(target) /Users/ziangwang/Sources/vibeos/target/node-runtime/fresh-57/source/node-v24.14.0/out/Release/obj.target/libnode/src/async_context_frame.o
  CXX(target) /Users/ziangwang/Sources/vibeos/target/node-runtime/fresh-57/source/node-v24.14.0/out/Release/obj.target/libnode/src/async_wrap.o
  CXX(target) /Users/ziangwang/Sources/vibeos/target/node-runtime/fresh-57/source/node-v24.14.0/out/Release/obj.target/libnode/src/base_object.o
  CXX(target) /Users/ziangwang/Sources/vibeos/target/node-runtime/fresh-57/source/node-v24.14.0/out/Release/obj.target/libnode/src/cares_wrap.o
  CXX(target) /Users/ziangwang/Sources/vibeos/target/node-runtime/fresh-57/source/node-v24.14.0/out/Release/obj.target/libnode/src/cleanup_queue.o
  CXX(target) /Users/ziangwang/Sources/vibeos/target/node-runtime/fresh-57/source/node-v24.14.0/out/Release/obj.target/libnode/src/compile_cache.o
  CXX(target) /Users/ziangwang/Sources/vibeos/target/node-runtime/fresh-57/source/node-v24.14.0/out/Release/obj.target/libnode/src/connect_wrap.o
  CXX(target) /Users/ziangwang/Sources/vibeos/target/node-runtime/fresh-57/source/node-v24.14.0/out/Release/obj.target/libnode/src/connection_wrap.o
  CXX(target) /Users/ziangwang/Sources/vibeos/target/node-runtime/fresh-57/source/node-v24.14.0/out/Release/obj.target/libnode/src/dataqueue/queue.o
  CXX(target) /Users/ziangwang/Sources/vibeos/target/node-runtime/fresh-57/source/node-v24.14.0/out/Release/obj.target/libnode/src/debug_utils.o
  CXX(target) /Users/ziangwang/Sources/vibeos/target/node-runtime/fresh-57/source/node-v24.14.0/out/Release/obj.target/libnode/src/embedded_data.o
  CXX(target) /Users/ziangwang/Sources/vibeos/target/node-runtime/fresh-57/source/node-v24.14.0/out/Release/obj.target/libnode/src/encoding_binding.o
  CXX(target) /Users/ziangwang/Sources/vibeos/target/node-runtime/fresh-57/source/node-v24.14.0/out/Release/obj.target/libnode/src/env.o
  CXX(target) /Users/ziangwang/Sources/vibeos/target/node-runtime/fresh-57/source/node-v24.14.0/out/Release/obj.target/libnode/src/fs_event_wrap.o
  CXX(target) /Users/ziangwang/Sources/vibeos/target/node-runtime/fresh-57/source/node-v24.14.0/out/Release/obj.target/libnode/src/handle_wrap.o
  CXX(target) /Users/ziangwang/Sources/vibeos/target/node-runtime/fresh-57/source/node-v24.14.0/out/Release/obj.target/libnode/src/heap_utils.o
  CXX(target) /Users/ziangwang/Sources/vibeos/target/node-runtime/fresh-57/source/node-v24.14.0/out/Release/obj.target/libnode/src/histogram.o
  CXX(target) /Users/ziangwang/Sources/vibeos/target/node-runtime/fresh-57/source/node-v24.14.0/out/Release/obj.target/libnode/src/internal_only_v8.o
  CXX(target) /Users/ziangwang/Sources/vibeos/target/node-runtime/fresh-57/source/node-v24.14.0/out/Release/obj.target/libnode/src/js_native_api_v8.o
  CXX(target) /Users/ziangwang/Sources/vibeos/target/node-runtime/fresh-57/source/node-v24.14.0/out/Release/obj.target/libnode/src/js_stream.o
  CXX(target) /Users/ziangwang/Sources/vibeos/target/node-runtime/fresh-57/source/node-v24.14.0/out/Release/obj.target/libnode/src/json_utils.o
  CXX(target) /Users/ziangwang/Sources/vibeos/target/node-runtime/fresh-57/source/node-v24.14.0/out/Release/obj.target/libnode/src/js_udp_wrap.o
  CXX(target) /Users/ziangwang/Sources/vibeos/target/node-runtime/fresh-57/source/node-v24.14.0/out/Release/obj.target/libnode/src/module_wrap.o
  CXX(target) /Users/ziangwang/Sources/vibeos/target/node-runtime/fresh-57/source/node-v24.14.0/out/Release/obj.target/libnode/src/node.o
  CXX(target) /Users/ziangwang/Sources/vibeos/target/node-runtime/fresh-57/source/node-v24.14.0/out/Release/obj.target/libnode/src/node_api.o
  CXX(target) /Users/ziangwang/Sources/vibeos/target/node-runtime/fresh-57/source/node-v24.14.0/out/Release/obj.target/libnode/src/node_binding.o
  CXX(target) /Users/ziangwang/Sources/vibeos/target/node-runtime/fresh-57/source/node-v24.14.0/out/Release/obj.target/libnode/src/node_blob.o
  CXX(target) /Users/ziangwang/Sources/vibeos/target/node-runtime/fresh-57/source/node-v24.14.0/out/Release/obj.target/libnode/src/node_buffer.o
  CXX(target) /Users/ziangwang/Sources/vibeos/target/node-runtime/fresh-57/source/node-v24.14.0/out/Release/obj.target/libnode/src/node_builtins.o
  CXX(target) /Users/ziangwang/Sources/vibeos/target/node-runtime/fresh-57/source/node-v24.14.0/out/Release/obj.target/libnode/src/node_config.o
  CXX(target) /Users/ziangwang/Sources/vibeos/target/node-runtime/fresh-57/source/node-v24.14.0/out/Release/obj.target/libnode/src/node_config_file.o
  CXX(target) /Users/ziangwang/Sources/vibeos/target/node-runtime/fresh-57/source/node-v24.14.0/out/Release/obj.target/libnode/src/node_constants.o
  CXX(target) /Users/ziangwang/Sources/vibeos/target/node-runtime/fresh-57/source/node-v24.14.0/out/Release/obj.target/libnode/src/node_cjs_lexer.o
  CXX(target) /Users/ziangwang/Sources/vibeos/target/node-runtime/fresh-57/source/node-v24.14.0/out/Release/obj.target/libnode/src/node_contextify.o
  CXX(target) /Users/ziangwang/Sources/vibeos/target/node-runtime/fresh-57/source/node-v24.14.0/out/Release/obj.target/libnode/src/node_credentials.o
  CXX(target) /Users/ziangwang/Sources/vibeos/target/node-runtime/fresh-57/source/node-v24.14.0/out/Release/obj.target/libnode/src/node_debug.o
  CXX(target) /Users/ziangwang/Sources/vibeos/target/node-runtime/fresh-57/source/node-v24.14.0/out/Release/obj.target/libnode/src/node_dir.o
  CXX(target) /Users/ziangwang/Sources/vibeos/target/node-runtime/fresh-57/source/node-v24.14.0/out/Release/obj.target/libnode/src/node_dotenv.o
  CXX(target) /Users/ziangwang/Sources/vibeos/target/node-runtime/fresh-57/source/node-v24.14.0/out/Release/obj.target/libnode/src/node_env_var.o
  CXX(target) /Users/ziangwang/Sources/vibeos/target/node-runtime/fresh-57/source/node-v24.14.0/out/Release/obj.target/libnode/src/node_errors.o
  CXX(target) /Users/ziangwang/Sources/vibeos/target/node-runtime/fresh-57/source/node-v24.14.0/out/Release/obj.target/libnode/src/node_external_reference.o
  CXX(target) /Users/ziangwang/Sources/vibeos/target/node-runtime/fresh-57/source/node-v24.14.0/out/Release/obj.target/libnode/src/node_file.o
  CXX(target) /Users/ziangwang/Sources/vibeos/target/node-runtime/fresh-57/source/node-v24.14.0/out/Release/obj.target/libnode/src/node_http_parser.o
  CXX(target) /Users/ziangwang/Sources/vibeos/target/node-runtime/fresh-57/source/node-v24.14.0/out/Release/obj.target/libnode/src/node_http2.o
  CXX(target) /Users/ziangwang/Sources/vibeos/target/node-runtime/fresh-57/source/node-v24.14.0/out/Release/obj.target/libnode/src/node_i18n.o
  CXX(target) /Users/ziangwang/Sources/vibeos/target/node-runtime/fresh-57/source/node-v24.14.0/out/Release/obj.target/libnode/src/node_locks.o
  CXX(target) /Users/ziangwang/Sources/vibeos/target/node-runtime/fresh-57/source/node-v24.14.0/out/Release/obj.target/libnode/src/node_main_instance.o
  CXX(target) /Users/ziangwang/Sources/vibeos/target/node-runtime/fresh-57/source/node-v24.14.0/out/Release/obj.target/libnode/src/node_messaging.o
  CXX(target) /Users/ziangwang/Sources/vibeos/target/node-runtime/fresh-57/source/node-v24.14.0/out/Release/obj.target/libnode/src/node_metadata.o
  CXX(target) /Users/ziangwang/Sources/vibeos/target/node-runtime/fresh-57/source/node-v24.14.0/out/Release/obj.target/libnode/src/node_modules.o
  CXX(target) /Users/ziangwang/Sources/vibeos/target/node-runtime/fresh-57/source/node-v24.14.0/out/Release/obj.target/libnode/src/node_options.o
  CXX(target) /Users/ziangwang/Sources/vibeos/target/node-runtime/fresh-57/source/node-v24.14.0/out/Release/obj.target/libnode/src/node_os.o
  CXX(target) /Users/ziangwang/Sources/vibeos/target/node-runtime/fresh-57/source/node-v24.14.0/out/Release/obj.target/libnode/src/node_perf.o
  CXX(target) /Users/ziangwang/Sources/vibeos/target/node-runtime/fresh-57/source/node-v24.14.0/out/Release/obj.target/libnode/src/node_platform.o
  CXX(target) /Users/ziangwang/Sources/vibeos/target/node-runtime/fresh-57/source/node-v24.14.0/out/Release/obj.target/libnode/src/node_postmortem_metadata.o
  CXX(target) /Users/ziangwang/Sources/vibeos/target/node-runtime/fresh-57/source/node-v24.14.0/out/Release/obj.target/libnode/src/node_process_events.o
  CXX(target) /Users/ziangwang/Sources/vibeos/target/node-runtime/fresh-57/source/node-v24.14.0/out/Release/obj.target/libnode/src/node_process_methods.o
  CXX(target) /Users/ziangwang/Sources/vibeos/target/node-runtime/fresh-57/source/node-v24.14.0/out/Release/obj.target/libnode/src/node_process_object.o
  CXX(target) /Users/ziangwang/Sources/vibeos/target/node-runtime/fresh-57/source/node-v24.14.0/out/Release/obj.target/libnode/src/node_realm.o
  CXX(target) /Users/ziangwang/Sources/vibeos/target/node-runtime/fresh-57/source/node-v24.14.0/out/Release/obj.target/libnode/src/node_report.o
  CXX(target) /Users/ziangwang/Sources/vibeos/target/node-runtime/fresh-57/source/node-v24.14.0/out/Release/obj.target/libnode/src/node_report_module.o
  CXX(target) /Users/ziangwang/Sources/vibeos/target/node-runtime/fresh-57/source/node-v24.14.0/out/Release/obj.target/libnode/src/node_report_utils.o
  CXX(target) /Users/ziangwang/Sources/vibeos/target/node-runtime/fresh-57/source/node-v24.14.0/out/Release/obj.target/libnode/src/node_sea.o
  CXX(target) /Users/ziangwang/Sources/vibeos/target/node-runtime/fresh-57/source/node-v24.14.0/out/Release/obj.target/libnode/src/node_sea_bin.o
  CXX(target) /Users/ziangwang/Sources/vibeos/target/node-runtime/fresh-57/source/node-v24.14.0/out/Release/obj.target/libnode/src/node_serdes.o
  CXX(target) /Users/ziangwang/Sources/vibeos/target/node-runtime/fresh-57/source/node-v24.14.0/out/Release/obj.target/libnode/src/node_shadow_realm.o
  CXX(target) /Users/ziangwang/Sources/vibeos/target/node-runtime/fresh-57/source/node-v24.14.0/out/Release/obj.target/libnode/src/node_snapshotable.o
  CXX(target) /Users/ziangwang/Sources/vibeos/target/node-runtime/fresh-57/source/node-v24.14.0/out/Release/obj.target/libnode/src/node_sockaddr.o
  CXX(target) /Users/ziangwang/Sources/vibeos/target/node-runtime/fresh-57/source/node-v24.14.0/out/Release/obj.target/libnode/src/node_stat_watcher.o
  CXX(target) /Users/ziangwang/Sources/vibeos/target/node-runtime/fresh-57/source/node-v24.14.0/out/Release/obj.target/libnode/src/node_symbols.o
  CXX(target) /Users/ziangwang/Sources/vibeos/target/node-runtime/fresh-57/source/node-v24.14.0/out/Release/obj.target/libnode/src/node_task_queue.o
  CXX(target) /Users/ziangwang/Sources/vibeos/target/node-runtime/fresh-57/source/node-v24.14.0/out/Release/obj.target/libnode/src/node_task_runner.o
  CXX(target) /Users/ziangwang/Sources/vibeos/target/node-runtime/fresh-57/source/node-v24.14.0/out/Release/obj.target/libnode/src/node_trace_events.o
  CXX(target) /Users/ziangwang/Sources/vibeos/target/node-runtime/fresh-57/source/node-v24.14.0/out/Release/obj.target/libnode/src/node_types.o
  CXX(target) /Users/ziangwang/Sources/vibeos/target/node-runtime/fresh-57/source/node-v24.14.0/out/Release/obj.target/libnode/src/node_url.o
  CXX(target) /Users/ziangwang/Sources/vibeos/target/node-runtime/fresh-57/source/node-v24.14.0/out/Release/obj.target/libnode/src/node_url_pattern.o
  CXX(target) /Users/ziangwang/Sources/vibeos/target/node-runtime/fresh-57/source/node-v24.14.0/out/Release/obj.target/libnode/src/node_util.o
  CXX(target) /Users/ziangwang/Sources/vibeos/target/node-runtime/fresh-57/source/node-v24.14.0/out/Release/obj.target/libnode/src/node_v8.o
  CXX(target) /Users/ziangwang/Sources/vibeos/target/node-runtime/fresh-57/source/node-v24.14.0/out/Release/obj.target/libnode/src/node_wasi.o
  CXX(target) /Users/ziangwang/Sources/vibeos/target/node-runtime/fresh-57/source/node-v24.14.0/out/Release/obj.target/libnode/src/node_wasm_web_api.o
  CXX(target) /Users/ziangwang/Sources/vibeos/target/node-runtime/fresh-57/source/node-v24.14.0/out/Release/obj.target/libnode/src/node_watchdog.o
  CXX(target) /Users/ziangwang/Sources/vibeos/target/node-runtime/fresh-57/source/node-v24.14.0/out/Release/obj.target/libnode/src/node_worker.o
  CXX(target) /Users/ziangwang/Sources/vibeos/target/node-runtime/fresh-57/source/node-v24.14.0/out/Release/obj.target/libnode/src/node_zlib.o
  CXX(target) /Users/ziangwang/Sources/vibeos/target/node-runtime/fresh-57/source/node-v24.14.0/out/Release/obj.target/libnode/src/path.o
  CXX(target) /Users/ziangwang/Sources/vibeos/target/node-runtime/fresh-57/source/node-v24.14.0/out/Release/obj.target/libnode/src/permission/child_process_permission.o
  CXX(target) /Users/ziangwang/Sources/vibeos/target/node-runtime/fresh-57/source/node-v24.14.0/out/Release/obj.target/libnode/src/permission/fs_permission.o
  CXX(target) /Users/ziangwang/Sources/vibeos/target/node-runtime/fresh-57/source/node-v24.14.0/out/Release/obj.target/libnode/src/permission/inspector_permission.o
  CXX(target) /Users/ziangwang/Sources/vibeos/target/node-runtime/fresh-57/source/node-v24.14.0/out/Release/obj.target/libnode/src/permission/permission.o
  CXX(target) /Users/ziangwang/Sources/vibeos/target/node-runtime/fresh-57/source/node-v24.14.0/out/Release/obj.target/libnode/src/permission/wasi_permission.o
  CXX(target) /Users/ziangwang/Sources/vibeos/target/node-runtime/fresh-57/source/node-v24.14.0/out/Release/obj.target/libnode/src/permission/worker_permission.o
  CXX(target) /Users/ziangwang/Sources/vibeos/target/node-runtime/fresh-57/source/node-v24.14.0/out/Release/obj.target/libnode/src/permission/addon_permission.o
  CXX(target) /Users/ziangwang/Sources/vibeos/target/node-runtime/fresh-57/source/node-v24.14.0/out/Release/obj.target/libnode/src/pipe_wrap.o
  CXX(target) /Users/ziangwang/Sources/vibeos/target/node-runtime/fresh-57/source/node-v24.14.0/out/Release/obj.target/libnode/src/process_wrap.o
  CXX(target) /Users/ziangwang/Sources/vibeos/target/node-runtime/fresh-57/source/node-v24.14.0/out/Release/obj.target/libnode/src/signal_wrap.o
  CXX(target) /Users/ziangwang/Sources/vibeos/target/node-runtime/fresh-57/source/node-v24.14.0/out/Release/obj.target/libnode/src/spawn_sync.o
  CXX(target) /Users/ziangwang/Sources/vibeos/target/node-runtime/fresh-57/source/node-v24.14.0/out/Release/obj.target/libnode/src/stream_base.o
  CXX(target) /Users/ziangwang/Sources/vibeos/target/node-runtime/fresh-57/source/node-v24.14.0/out/Release/obj.target/libnode/src/stream_pipe.o
  CXX(target) /Users/ziangwang/Sources/vibeos/target/node-runtime/fresh-57/source/node-v24.14.0/out/Release/obj.target/libnode/src/stream_wrap.o
  CXX(target) /Users/ziangwang/Sources/vibeos/target/node-runtime/fresh-57/source/node-v24.14.0/out/Release/obj.target/libnode/src/string_bytes.o
  CXX(target) /Users/ziangwang/Sources/vibeos/target/node-runtime/fresh-57/source/node-v24.14.0/out/Release/obj.target/libnode/src/string_decoder.o
  CXX(target) /Users/ziangwang/Sources/vibeos/target/node-runtime/fresh-57/source/node-v24.14.0/out/Release/obj.target/libnode/src/tcp_wrap.o
  CXX(target) /Users/ziangwang/Sources/vibeos/target/node-runtime/fresh-57/source/node-v24.14.0/out/Release/obj.target/libnode/src/timers.o
  CXX(target) /Users/ziangwang/Sources/vibeos/target/node-runtime/fresh-57/source/node-v24.14.0/out/Release/obj.target/libnode/src/timer_wrap.o
  CXX(target) /Users/ziangwang/Sources/vibeos/target/node-runtime/fresh-57/source/node-v24.14.0/out/Release/obj.target/libnode/src/tracing/agent.o
  CXX(target) /Users/ziangwang/Sources/vibeos/target/node-runtime/fresh-57/source/node-v24.14.0/out/Release/obj.target/libnode/src/tracing/node_trace_buffer.o
  CXX(target) /Users/ziangwang/Sources/vibeos/target/node-runtime/fresh-57/source/node-v24.14.0/out/Release/obj.target/libnode/src/tracing/node_trace_writer.o
  CXX(target) /Users/ziangwang/Sources/vibeos/target/node-runtime/fresh-57/source/node-v24.14.0/out/Release/obj.target/libnode/src/tracing/trace_event.o
  CXX(target) /Users/ziangwang/Sources/vibeos/target/node-runtime/fresh-57/source/node-v24.14.0/out/Release/obj.target/libnode/src/tracing/traced_value.o
  CXX(target) /Users/ziangwang/Sources/vibeos/target/node-runtime/fresh-57/source/node-v24.14.0/out/Release/obj.target/libnode/src/tty_wrap.o
  CXX(target) /Users/ziangwang/Sources/vibeos/target/node-runtime/fresh-57/source/node-v24.14.0/out/Release/obj.target/libnode/src/udp_wrap.o
  CXX(target) /Users/ziangwang/Sources/vibeos/target/node-runtime/fresh-57/source/node-v24.14.0/out/Release/obj.target/libnode/src/util.o
  CXX(target) /Users/ziangwang/Sources/vibeos/target/node-runtime/fresh-57/source/node-v24.14.0/out/Release/obj.target/libnode/src/uv.o
  CXX(target) /Users/ziangwang/Sources/vibeos/target/node-runtime/fresh-57/source/node-v24.14.0/out/Release/obj.target/libnode/src/cppgc_helpers.o
  CXX(target) /Users/ziangwang/Sources/vibeos/target/node-runtime/fresh-57/source/node-v24.14.0/out/Release/obj.target/libnode/src/large_pages/node_large_page.o
  CXX(target) /Users/ziangwang/Sources/vibeos/target/node-runtime/fresh-57/source/node-v24.14.0/out/Release/obj.target/libnode/gen/node_javascript.o
  AR(target) /Users/ziangwang/Sources/vibeos/target/node-runtime/fresh-57/source/node-v24.14.0/out/Release/obj.target/libnode.a
