
OpenSBI v1.7
   ____                    _____ ____ _____
  / __ \                  / ____|  _ \_   _|
 | |  | |_ __   ___ _ __ | (___ | |_) || |
 | |  | | '_ \ / _ \ '_ \ \___ \|  _ < | |
 | |__| | |_) |  __/ | | |____) | |_) || |_
  \____/| .__/ \___|_| |_|_____/|____/_____|
        | |
        |_|

Platform Name               : riscv-virtio,qemu
Platform Features           : medeleg
Platform HART Count         : 4
Platform IPI Device         : aclint-mswi
Platform Timer Device       : aclint-mtimer @ 10000000Hz
Platform Console Device     : uart8250
Platform HSM Device         : ---
Platform PMU Device         : ---
Platform Reboot Device      : syscon-reboot
Platform Shutdown Device    : syscon-poweroff
Platform Suspend Device     : ---
Platform CPPC Device        : ---
Firmware Base               : 0x80000000
Firmware Size               : 353 KB
Firmware RW Offset          : 0x40000
Firmware RW Size            : 97 KB
Firmware Heap Offset        : 0x4c000
Firmware Heap Size          : 49 KB (total), 3 KB (reserved), 12 KB (used), 33 KB (free)
Firmware Scratch Size       : 4096 B (total), 1400 B (used), 2696 B (free)
Runtime SBI Version         : 3.0
Standard SBI Extensions     : time,rfnc,ipi,base,hsm,srst,pmu,dbcn,fwft,legacy,dbtr,sse
Experimental SBI Extensions : none

Domain0 Name                : root
Domain0 Boot HART           : 0
Domain0 HARTs               : 0*,1*,2*,3*
Domain0 Region00            : 0x0000000000100000-0x0000000000100fff M: (I,R,W) S/U: (R,W)
Domain0 Region01            : 0x0000000010000000-0x0000000010000fff M: (I,R,W) S/U: (R,W)
Domain0 Region02            : 0x0000000002000000-0x000000000200ffff M: (I,R,W) S/U: ()
Domain0 Region03            : 0x0000000080040000-0x000000008005ffff M: (R,W) S/U: ()
Domain0 Region04            : 0x0000000080000000-0x000000008003ffff M: (R,X) S/U: ()
Domain0 Region05            : 0x000000000c400000-0x000000000c5fffff M: (I,R,W) S/U: (R,W)
Domain0 Region06            : 0x000000000c000000-0x000000000c3fffff M: (I,R,W) S/U: (R,W)
Domain0 Region07            : 0x0000000000000000-0xffffffffffffffff M: () S/U: (R,W,X)
Domain0 Next Address        : 0x0000000080200000
Domain0 Next Arg1           : 0x00000000bfe00000
Domain0 Next Mode           : S-mode
Domain0 SysReset            : yes
Domain0 SysSuspend          : yes

Boot HART ID                : 0
Boot HART Domain            : root
Boot HART Priv Version      : v1.12
Boot HART Base ISA          : rv64imafdch
Boot HART ISA Extensions    : sstc,zicntr,zihpm,zicboz,zicbom,sdtrig,svadu
Boot HART PMP Count         : 16
Boot HART PMP Granularity   : 2 bits
Boot HART PMP Address Bits  : 54
Boot HART MHPM Info         : 16 (0x0007fff8)
Boot HART Debug Triggers    : 2 triggers
Boot HART MIDELEG           : 0x0000000000001666
Boot HART MEDELEG           : 0x0000000000f4b509

   __   __ __  _           ____  ____
   \ \ / /(_)| |__   ___  / __ \/ ___|
    \ V / | || '_ \ / _ \| |  | \___ \
     \_/  |_||_.__/ \___/ \____/|____/   v0.1

  platform  QEMU virt (10 MHz timebase)
  heap      0x8558e000..0xc0000000  (960968 KiB)
  traps     stvec armed, PLIC ctx S/hart0, IRQ 10 enabled
  smp       4 hart(s) online
  mmu       Sv39 single address space, hart mask 0xf
  pci       1 function(s), ECAM 0x30000000, MMIO 0x40000000..0x80000000
  W^X       2048 KiB code pool 0x84e8e000..0x8508e000, MXR clear, RFENCE ready
  read-only 50560 KiB .rodata 0x819b9000..0x84b19000; 4096 KiB COW capability-table pool
  world     15 capability spaces, 1 typed channel, 6 components
  sched     async executor, no threads, no preemption

VibeOS vsh ready -- capability-native shell.

[2Kvsh> quiet
background component output muted
[2Kvsh> mkdir @home/project
[2Kvsh> echo 'const value: number = 42; console.log("TSX_CANCEL_" + "RELAUNCH=" + value);' | write @home/project/main.ts
[2Kvsh> tsx --root @home/project main.ts
WASI running
^C
  vsh job %4: Cancelled
[2Kvsh> [2KWASI esbuild owner_peak_bytes=96523904
vsh> [2KWASI terminal=Denied reclaimed=true caps=0 waiters=0
vsh> [2KNATIVE LIBC CACHE ptr=0x8a996d40 chunk_bytes=48
vsh> [2KNATIVE LIBC SNAPSHOT id=1 arena=2322432 live=250736 free=2071696 free_chunks=15 cached_blocks=1 cached_bytes=48
vsh> [2KNATIVE TLS RECLAIM id=1 released_slots=17 slots=0 destructors=0 waiters=0
vsh> [2KNATIVE FILE RECLAIM descriptors=0 reads=0 mutations=0
vsh> [2KNATIVE PAGE RECLAIM live_bytes=0 live_allocations=0 owner_registered=0
vsh> [2KNATIVE GRANT RECLAIM kind=project providers=0 leases=0
vsh> [2KNATIVE GRANT RECLAIM kind=tools providers=0 leases=0
vsh> tsx --root @home/project main.ts
WASI running
WASI esbuild fuel=1647921569 max_required_fuel=131072
WASI esbuild owner_peak_bytes=96523904
WASI terminal=Exited(0) reclaimed=true caps=0 waiters=0
NATIVE LIBC CACHE ptr=0x8a996d40 chunk_bytes=48
NATIVE LIBC CACHE ptr=0x8ab52460 chunk_bytes=48
NATIVE LIBC CACHE ptr=0x8aa0d290 chunk_bytes=64
NATIVE LIBC CACHE ptr=0x8aa0e430 chunk_bytes=64
NATIVE LIBC CACHE ptr=0x8aa0c0f0 chunk_bytes=64
NATIVE LIBC SNAPSHOT id=2 arena=2539520 live=251024 free=2288496 free_chunks=20 cached_blocks=5 cached_bytes=288
NATIVE TLS RECLAIM id=2 released_slots=12 slots=0 destructors=0 waiters=0
NATIVE FILE RECLAIM descriptors=0 reads=0 mutations=0
NATIVE PAGE RECLAIM live_bytes=0 live_allocations=0 owner_registered=0
NATIVE GRANT RECLAIM kind=project providers=0 leases=0
NATIVE GRANT RECLAIM kind=tools providers=0 leases=0
TSX_CANCEL_RELAUNCH=42
