warning: method `is_empty` is never used
  --> durable-format/src/replay_ids.rs:54:19
   |
27 | impl<V, K: Ord + Copy> ReplayIndex<V, K> {
   | ---------------------------------------- method in this implementation
...
54 |     pub(crate) fn is_empty(&self) -> bool { self.nodes.is_empty() }
   |                   ^^^^^^^^
   |
   = note: `#[warn(dead_code)]` (part of `#[warn(unused)]`) on by default

warning: `vibeos-durable-format` (lib) generated 1 warning
warning: use of deprecated method `core::sync::atomic::Atomic::<usize>::fetch_update`: renamed to `try_update` for consistency
  --> core/src/boot_log.rs:18:41
   |
18 |         let start = match self.reserved.fetch_update(Ordering::Relaxed, Ordering::Relaxed,
   |                                         ^^^^^^^^^^^^
   |
   = note: `#[warn(deprecated)]` on by default
help: replace the use of the deprecated method
   |
18 -         let start = match self.reserved.fetch_update(Ordering::Relaxed, Ordering::Relaxed,
18 +         let start = match self.reserved.try_update(Ordering::Relaxed, Ordering::Relaxed,
   |

warning: `vibeos-core` (lib) generated 1 warning (run `cargo fix --lib -p vibeos-core` to apply 1 suggestion)
warning: `vibeos-durable-format` (lib) generated 1 warning (1 duplicate)
warning: use of deprecated method `core::sync::atomic::Atomic::<u64>::fetch_update`: renamed to `try_update` for consistency
    --> component-runtime/src/async_state.rs:1140:14
     |
1140 |             .fetch_update(Ordering::Relaxed, Ordering::Relaxed, |current| {
     |              ^^^^^^^^^^^^
     |
     = note: `#[warn(deprecated)]` on by default
help: replace the use of the deprecated method
     |
1140 -             .fetch_update(Ordering::Relaxed, Ordering::Relaxed, |current| {
1140 +             .try_update(Ordering::Relaxed, Ordering::Relaxed, |current| {
     |

warning: use of deprecated method `core::sync::atomic::Atomic::<u64>::fetch_update`: renamed to `try_update` for consistency
   --> component-runtime/src/buffer_registry.rs:133:14
    |
133 |             .fetch_update(Ordering::Relaxed, Ordering::Relaxed, |current| {
    |              ^^^^^^^^^^^^
    |
help: replace the use of the deprecated method
    |
133 -             .fetch_update(Ordering::Relaxed, Ordering::Relaxed, |current| {
133 +             .try_update(Ordering::Relaxed, Ordering::Relaxed, |current| {
    |

warning: `vibeos-component-runtime` (lib) generated 2 warnings (run `cargo fix --lib -p vibeos-component-runtime` to apply 2 suggestions)
warning: `vibeos-core` (lib) generated 1 warning (1 duplicate)
   Compiling vibeos-segment-store v0.1.0 (/Users/ziangwang/Sources/vibeos/segment-store)
   Compiling vibeos-object-store v0.1.0 (/Users/ziangwang/Sources/vibeos/services/object-store)
   Compiling vibeos-kernel v0.1.0 (/Users/ziangwang/Sources/vibeos/kernel)
   Compiling vibeos-firmware-qemu-virt v0.1.0 (/Users/ziangwang/Sources/vibeos/firmware/qemu-virt)
warning: `vibeos-component-runtime` (lib) generated 2 warnings (2 duplicates)
   Compiling vibeos-component-host v0.1.0 (/Users/ziangwang/Sources/vibeos/services/component-host)
   Compiling vibeos-kernel-acceptance v0.1.0 (/Users/ziangwang/Sources/vibeos/acceptance/kernel-tests)
   Compiling vibeos-image-policy v0.1.0 (/Users/ziangwang/Sources/vibeos/policy/image)
warning: unused import: `DecodeStatus`
  --> segment-store/src/scrub.rs:13:70
   |
13 |     select_checkpoint_for_superblock, select_superblock, Checkpoint, DecodeStatus, ExtentKind,
   |                                                                      ^^^^^^^^^^^^
   |
   = note: `#[warn(unused_imports)]` (part of `#[warn(unused)]`) on by default

warning: unused import: `alloc::collections::BTreeMap`
 --> segment-store/src/store.rs:4:5
  |
4 | use alloc::collections::BTreeMap;
  |     ^^^^^^^^^^^^^^^^^^^^^^^^^^^^

   Compiling vibeos-program-store v0.1.0 (/Users/ziangwang/Sources/vibeos/services/program-store)
   Compiling vibeos-authority-store v0.1.0 (/Users/ziangwang/Sources/vibeos/services/authority-store)
warning: type `ScratchExtent` is more private than the item `StagedObjectCommit::extents`
    --> segment-store/src/cas.rs:4297:5
     |
4297 |     pub(crate) extents: Vec<ScratchExtent>,
     |     ^^^^^^^^^^^^^^^^^^^^^^^^^^^^^^^^^^^^^^ field `StagedObjectCommit::extents` is reachable at visibility `pub(crate)`
     |
note: but type `ScratchExtent` is only usable at visibility `pub(self)`
    --> segment-store/src/cas.rs:955:1
     |
 955 | struct ScratchExtent {
     | ^^^^^^^^^^^^^^^^^^^^
     = note: `#[warn(private_interfaces)]` on by default

warning: type `ScratchSegment` is more private than the item `StagedObjectCommit::segments`
    --> segment-store/src/cas.rs:4298:5
     |
4298 |     pub(crate) segments: Vec<ScratchSegment>,
     |     ^^^^^^^^^^^^^^^^^^^^^^^^^^^^^^^^^^^^^^^^ field `StagedObjectCommit::segments` is reachable at visibility `pub(crate)`
     |
note: but type `ScratchSegment` is only usable at visibility `pub(self)`
    --> segment-store/src/cas.rs:985:1
     |
 985 | struct ScratchSegment {
     | ^^^^^^^^^^^^^^^^^^^^^

warning: associated function `new` is never used
   --> segment-store/src/authority_snapshot.rs:673:19
    |
630 | impl PersistentAuthoritySnapshot {
    | -------------------------------- associated function in this implementation
...
673 |     pub(crate) fn new(
    |                   ^^^
    |
    = note: `#[warn(dead_code)]` (part of `#[warn(unused)]`) on by default

warning: method `staged_segment_count` is never used
    --> segment-store/src/cas.rs:4681:12
     |
4673 | impl StagedBlobBatch {
     | -------------------- method in this implementation
...
4681 |     pub fn staged_segment_count(&self) -> usize {
     |            ^^^^^^^^^^^^^^^^^^^^

warning: method `len` is never used
   --> segment-store/src/gc.rs:495:19
    |
415 | impl TypedEdgeCache {
    | ------------------- method in this implementation
...
495 |     pub(crate) fn len(&self) -> usize {
    |                   ^^^

warning: function `read_pointer_authority_payload` is never used
    --> segment-store/src/store.rs:3297:21
     |
3297 | pub(crate) async fn read_pointer_authority_payload<D: PageDevice>(
     |                     ^^^^^^^^^^^^^^^^^^^^^^^^^^^^^^

warning: the `objects:` in this pattern is redundant
    --> segment-store/src/store.rs:3822:17
     |
3822 |                 objects: mut objects,
     |                 ^^^^^^^^^^^^^^^^^^^^ help: use shorthand field pattern: `mut objects`
     |
     = note: `#[warn(non_shorthand_field_patterns)]` on by default

warning: the `blobs:` in this pattern is redundant
    --> segment-store/src/store.rs:3823:17
     |
3823 |                 blobs: mut blobs,
     |                 ^^^^^^^^^^^^^^^^ help: use shorthand field pattern: `mut blobs`

   Compiling vibeos-file-store v0.1.0 (/Users/ziangwang/Sources/vibeos/services/file-store)
   Compiling vibeos-vsh v0.1.0 (/Users/ziangwang/Sources/vibeos/components/vsh)
warning: `vibeos-segment-store` (lib) generated 10 warnings (run `cargo fix --lib -p vibeos-segment-store` to apply 4 suggestions)
warning: unused variable: `service_policy`
    --> kernel/src/world.rs:2127:9
     |
2127 |     let service_policy = net_policy.clone();
     |         ^^^^^^^^^^^^^^ help: if this is intentional, prefix it with an underscore: `_service_policy`
     |
     = note: `#[warn(unused_variables)]` (part of `#[warn(unused)]`) on by default

warning: `vibeos-kernel` (lib) generated 1 warning (run `cargo fix --lib -p vibeos-kernel` to apply 1 suggestion)
    Finished `release` profile [optimized + debuginfo] target(s) in 34.69s
file-tree: boot 1
file-tree: boot 2
file-tree: boot 3
PASS file-tree: durable hard links, symlink, recursive removal, GC pressure, cold recovery, powered-off verification
file-tree evidence retained at /var/folders/b3/k0rx2_y15cz8vmtjk1mw0c8r0000gn/T/tmp.VKGil2k1bV
