patching file configure.py
patching file common.gypi
patching file 'tools/v8_gypfiles/features.gypi'
patching file 'tools/v8_gypfiles/v8.gyp'
patching file 'tools/v8_gypfiles/toolchain.gypi'
patching file 'tools/v8_gypfiles/abseil.gyp'
patching file 'tools/gyp/pylib/gyp/generator/make.py'
patching file 'deps/v8/include/v8config.h'
patching file 'deps/v8/src/base/once.cc'
patching file 'deps/v8/src/base/platform/semaphore.h'
patching file 'deps/v8/src/base/platform/semaphore.cc'
patching file 'deps/v8/src/base/platform/time.cc'
patching file 'deps/v8/src/compiler/backend/riscv/instruction-selector-riscv.h'
patching file 'deps/v8/src/compiler/backend/riscv/instruction-selector-riscv64.cc'
patching file 'deps/v8/src/compiler/backend/riscv/code-generator-riscv.cc'
patching file 'deps/v8/src/compiler/backend/riscv/instruction-scheduler-riscv.cc'
patching file 'deps/v8/src/codegen/riscv/macro-assembler-riscv.cc'
patching file 'deps/v8/third_party/abseil-cpp/absl/base/internal/poison.cc'
patching file 'deps/v8/src/builtins/riscv/builtins-riscv.cc'
patching file 'deps/v8/third_party/abseil-cpp/absl/base/internal/spinlock_wait.cc'
patching file 'deps/v8/third_party/abseil-cpp/absl/base/internal/sysinfo.cc'
patching file 'deps/v8/third_party/abseil-cpp/absl/base/internal/thread_identity.h'
patching file 'deps/v8/third_party/abseil-cpp/absl/synchronization/internal/waiter.h'
patching file 'deps/v8/third_party/abseil-cpp/absl/synchronization/internal/pthread_waiter.h'
patching file 'deps/v8/third_party/abseil-cpp/absl/synchronization/internal/stdcpp_waiter.h'
patching file 'deps/v8/third_party/abseil-cpp/absl/synchronization/internal/kernel_timeout.h'
patching file 'deps/v8/third_party/abseil-cpp/absl/synchronization/internal/kernel_timeout.cc'
patching file 'deps/v8/third_party/abseil-cpp/absl/time/clock.cc'
patching file 'deps/v8/third_party/abseil-cpp/absl/debugging/internal/elf_mem_image.h'
patching file 'deps/v8/third_party/abseil-cpp/absl/debugging/internal/stack_consumption.h'
patching file 'deps/v8/third_party/abseil-cpp/absl/time/internal/cctz/src/time_zone_impl.cc'
patching file 'tools/v8_gypfiles/abseil.gyp'
patching file 'deps/v8/third_party/abseil-cpp/absl/time/internal/cctz/src/time_zone_libc.cc'
patching file 'tools/v8_gypfiles/v8.gyp'
patching file 'tools/gyp/pylib/gyp/generator/make.py'
patching file 'tools/gyp_node.py'
patching file 'tools/v8_gypfiles/v8.gyp'
patching file 'deps/v8/src/libsampler/sampler.cc'
patching file 'tools/v8_gypfiles/v8.gyp'
patching file 'deps/v8/src/codegen/riscv/cpu-riscv.cc'
patching file 'tools/v8_gypfiles/v8.gyp'
patching file 'tools/v8_gypfiles/v8.gyp'
patching file 'tools/v8_gypfiles/v8.gyp'
patching file 'deps/v8/third_party/abseil-cpp/absl/base/internal/low_level_alloc.h'
patching file 'deps/v8/third_party/abseil-cpp/absl/base/internal/low_level_alloc.cc'
patching file 'tools/v8_gypfiles/v8.gyp'
patching file 'tools/v8_gypfiles/v8.gyp'
patching file 'tools/v8_gypfiles/v8.gyp'
patching file 'tools/v8_gypfiles/v8.gyp'
patching file 'deps/v8/src/flags/flags.cc'
patching file common.gypi
patching file 'tools/v8_gypfiles/v8.gyp'
patching file 'tools/v8_gypfiles/v8.gyp'
patching file 'tools/v8_gypfiles/features.gypi'
patching file 'deps/v8/src/codegen/riscv/macro-assembler-riscv.cc'
/Users/ziangwang/Sources/vibeos/target/node-runtime/native-qualified-5/source/node-v24.14.0
