  CC(host) /Users/ziangwang/Sources/vibeos/target/node-runtime/native-qualified-10/source/node-v24.14.0/out/Release/obj.host/libuv/deps/uv/src/fs-poll.o
  CC(host) /Users/ziangwang/Sources/vibeos/target/node-runtime/native-qualified-10/source/node-v24.14.0/out/Release/obj.host/libuv/deps/uv/src/idna.o
  CC(host) /Users/ziangwang/Sources/vibeos/target/node-runtime/native-qualified-10/source/node-v24.14.0/out/Release/obj.host/libuv/deps/uv/src/inet.o
  CC(host) /Users/ziangwang/Sources/vibeos/target/node-runtime/native-qualified-10/source/node-v24.14.0/out/Release/obj.host/libuv/deps/uv/src/random.o
  CC(host) /Users/ziangwang/Sources/vibeos/target/node-runtime/native-qualified-10/source/node-v24.14.0/out/Release/obj.host/libuv/deps/uv/src/strscpy.o
  CC(host) /Users/ziangwang/Sources/vibeos/target/node-runtime/native-qualified-10/source/node-v24.14.0/out/Release/obj.host/libuv/deps/uv/src/strtok.o
  CC(host) /Users/ziangwang/Sources/vibeos/target/node-runtime/native-qualified-10/source/node-v24.14.0/out/Release/obj.host/libuv/deps/uv/src/thread-common.o
  CC(host) /Users/ziangwang/Sources/vibeos/target/node-runtime/native-qualified-10/source/node-v24.14.0/out/Release/obj.host/libuv/deps/uv/src/threadpool.o
  CC(host) /Users/ziangwang/Sources/vibeos/target/node-runtime/native-qualified-10/source/node-v24.14.0/out/Release/obj.host/libuv/deps/uv/src/timer.o
  CC(host) /Users/ziangwang/Sources/vibeos/target/node-runtime/native-qualified-10/source/node-v24.14.0/out/Release/obj.host/libuv/deps/uv/src/uv-data-getter-setters.o
  CC(host) /Users/ziangwang/Sources/vibeos/target/node-runtime/native-qualified-10/source/node-v24.14.0/out/Release/obj.host/libuv/deps/uv/src/uv-common.o
  CC(host) /Users/ziangwang/Sources/vibeos/target/node-runtime/native-qualified-10/source/node-v24.14.0/out/Release/obj.host/libuv/deps/uv/src/version.o
  CC(host) /Users/ziangwang/Sources/vibeos/target/node-runtime/native-qualified-10/source/node-v24.14.0/out/Release/obj.host/libuv/deps/uv/src/unix/async.o
  CC(host) /Users/ziangwang/Sources/vibeos/target/node-runtime/native-qualified-10/source/node-v24.14.0/out/Release/obj.host/libuv/deps/uv/src/unix/core.o
  CC(host) /Users/ziangwang/Sources/vibeos/target/node-runtime/native-qualified-10/source/node-v24.14.0/out/Release/obj.host/libuv/deps/uv/src/unix/dl.o
  CC(host) /Users/ziangwang/Sources/vibeos/target/node-runtime/native-qualified-10/source/node-v24.14.0/out/Release/obj.host/libuv/deps/uv/src/unix/fs.o
  CC(host) /Users/ziangwang/Sources/vibeos/target/node-runtime/native-qualified-10/source/node-v24.14.0/out/Release/obj.host/libuv/deps/uv/src/unix/getaddrinfo.o
  CC(host) /Users/ziangwang/Sources/vibeos/target/node-runtime/native-qualified-10/source/node-v24.14.0/out/Release/obj.host/libuv/deps/uv/src/unix/getnameinfo.o
  CC(host) /Users/ziangwang/Sources/vibeos/target/node-runtime/native-qualified-10/source/node-v24.14.0/out/Release/obj.host/libuv/deps/uv/src/unix/loop.o
  CC(host) /Users/ziangwang/Sources/vibeos/target/node-runtime/native-qualified-10/source/node-v24.14.0/out/Release/obj.host/libuv/deps/uv/src/unix/loop-watcher.o
  CC(host) /Users/ziangwang/Sources/vibeos/target/node-runtime/native-qualified-10/source/node-v24.14.0/out/Release/obj.host/libuv/deps/uv/src/unix/pipe.o
  CC(host) /Users/ziangwang/Sources/vibeos/target/node-runtime/native-qualified-10/source/node-v24.14.0/out/Release/obj.host/libuv/deps/uv/src/unix/poll.o
  CC(host) /Users/ziangwang/Sources/vibeos/target/node-runtime/native-qualified-10/source/node-v24.14.0/out/Release/obj.host/libuv/deps/uv/src/unix/process.o
  CC(host) /Users/ziangwang/Sources/vibeos/target/node-runtime/native-qualified-10/source/node-v24.14.0/out/Release/obj.host/libuv/deps/uv/src/unix/random-devurandom.o
  CC(host) /Users/ziangwang/Sources/vibeos/target/node-runtime/native-qualified-10/source/node-v24.14.0/out/Release/obj.host/libuv/deps/uv/src/unix/signal.o
  CC(host) /Users/ziangwang/Sources/vibeos/target/node-runtime/native-qualified-10/source/node-v24.14.0/out/Release/obj.host/libuv/deps/uv/src/unix/stream.o
  CC(host) /Users/ziangwang/Sources/vibeos/target/node-runtime/native-qualified-10/source/node-v24.14.0/out/Release/obj.host/libuv/deps/uv/src/unix/tcp.o
  CC(host) /Users/ziangwang/Sources/vibeos/target/node-runtime/native-qualified-10/source/node-v24.14.0/out/Release/obj.host/libuv/deps/uv/src/unix/thread.o
  CC(host) /Users/ziangwang/Sources/vibeos/target/node-runtime/native-qualified-10/source/node-v24.14.0/out/Release/obj.host/libuv/deps/uv/src/unix/tty.o
  CC(host) /Users/ziangwang/Sources/vibeos/target/node-runtime/native-qualified-10/source/node-v24.14.0/out/Release/obj.host/libuv/deps/uv/src/unix/udp.o
  CC(host) /Users/ziangwang/Sources/vibeos/target/node-runtime/native-qualified-10/source/node-v24.14.0/out/Release/obj.host/libuv/deps/uv/src/unix/darwin.o
  CC(host) /Users/ziangwang/Sources/vibeos/target/node-runtime/native-qualified-10/source/node-v24.14.0/out/Release/obj.host/libuv/deps/uv/src/unix/fsevents.o
  CC(host) /Users/ziangwang/Sources/vibeos/target/node-runtime/native-qualified-10/source/node-v24.14.0/out/Release/obj.host/libuv/deps/uv/src/unix/darwin-proctitle.o
  CC(host) /Users/ziangwang/Sources/vibeos/target/node-runtime/native-qualified-10/source/node-v24.14.0/out/Release/obj.host/libuv/deps/uv/src/unix/random-getentropy.o
  CC(host) /Users/ziangwang/Sources/vibeos/target/node-runtime/native-qualified-10/source/node-v24.14.0/out/Release/obj.host/libuv/deps/uv/src/unix/bsd-ifaddrs.o
  CC(host) /Users/ziangwang/Sources/vibeos/target/node-runtime/native-qualified-10/source/node-v24.14.0/out/Release/obj.host/libuv/deps/uv/src/unix/kqueue.o
  CC(host) /Users/ziangwang/Sources/vibeos/target/node-runtime/native-qualified-10/source/node-v24.14.0/out/Release/obj.host/libuv/deps/uv/src/unix/proctitle.o
  CC(target) /Users/ziangwang/Sources/vibeos/target/node-runtime/native-qualified-10/source/node-v24.14.0/out/Release/obj.target/libuv/deps/uv/src/idna.o
  CC(target) /Users/ziangwang/Sources/vibeos/target/node-runtime/native-qualified-10/source/node-v24.14.0/out/Release/obj.target/libuv/deps/uv/src/inet.o
  CC(target) /Users/ziangwang/Sources/vibeos/target/node-runtime/native-qualified-10/source/node-v24.14.0/out/Release/obj.target/libuv/deps/uv/src/strscpy.o
  CC(target) /Users/ziangwang/Sources/vibeos/target/node-runtime/native-qualified-10/source/node-v24.14.0/out/Release/obj.target/libuv/deps/uv/src/strtok.o
  CC(target) /Users/ziangwang/Sources/vibeos/target/node-runtime/native-qualified-10/source/node-v24.14.0/out/Release/obj.target/libuv/deps/uv/src/thread-common.o
  CC(target) /Users/ziangwang/Sources/vibeos/target/node-runtime/native-qualified-10/source/node-v24.14.0/out/Release/obj.target/libuv/deps/uv/src/timer.o
  CC(target) /Users/ziangwang/Sources/vibeos/target/node-runtime/native-qualified-10/source/node-v24.14.0/out/Release/obj.target/libuv/deps/uv/src/uv-data-getter-setters.o
  CC(target) /Users/ziangwang/Sources/vibeos/target/node-runtime/native-qualified-10/source/node-v24.14.0/out/Release/obj.target/libuv/deps/uv/src/uv-common.o
  CC(target) /Users/ziangwang/Sources/vibeos/target/node-runtime/native-qualified-10/source/node-v24.14.0/out/Release/obj.target/libuv/deps/uv/src/version.o
  CC(target) /Users/ziangwang/Sources/vibeos/target/node-runtime/native-qualified-10/source/node-v24.14.0/out/Release/obj.target/libuv/deps/uv/src/unix/loop-watcher.o
  CC(target) /Users/ziangwang/Sources/vibeos/target/node-runtime/native-qualified-10/source/node-v24.14.0/out/Release/obj.target/libuv/deps/uv/src/vibeos/vibeos-loop.o
  CC(target) /Users/ziangwang/Sources/vibeos/target/node-runtime/native-qualified-10/source/node-v24.14.0/out/Release/obj.target/libuv/deps/uv/src/vibeos/vibeos-fs.o
  AR(host) /Users/ziangwang/Sources/vibeos/target/node-runtime/native-qualified-10/source/node-v24.14.0/out/Release/obj.host/deps/uv/libuv.a
  AR(target) /Users/ziangwang/Sources/vibeos/target/node-runtime/native-qualified-10/source/node-v24.14.0/out/Release/obj.target/deps/uv/libuv.a
