  CXX(target) /Users/ziangwang/Sources/vibeos/target/node-runtime/source/node-v24.14.0/out/Release/obj.target/libnode/src/cleanup_queue.o
  CXX(target) /Users/ziangwang/Sources/vibeos/target/node-runtime/source/node-v24.14.0/out/Release/obj.target/libnode/src/compile_cache.o
  CXX(target) /Users/ziangwang/Sources/vibeos/target/node-runtime/source/node-v24.14.0/out/Release/obj.target/libnode/src/connect_wrap.o
  CXX(target) /Users/ziangwang/Sources/vibeos/target/node-runtime/source/node-v24.14.0/out/Release/obj.target/libnode/src/connection_wrap.o
  CXX(target) /Users/ziangwang/Sources/vibeos/target/node-runtime/source/node-v24.14.0/out/Release/obj.target/libnode/src/dataqueue/queue.o
  CXX(target) /Users/ziangwang/Sources/vibeos/target/node-runtime/source/node-v24.14.0/out/Release/obj.target/libnode/src/debug_utils.o
  CXX(target) /Users/ziangwang/Sources/vibeos/target/node-runtime/source/node-v24.14.0/out/Release/obj.target/libnode/src/embedded_data.o
  CXX(target) /Users/ziangwang/Sources/vibeos/target/node-runtime/source/node-v24.14.0/out/Release/obj.target/libnode/src/encoding_binding.o
  CXX(target) /Users/ziangwang/Sources/vibeos/target/node-runtime/source/node-v24.14.0/out/Release/obj.target/libnode/src/env.o
  CXX(target) /Users/ziangwang/Sources/vibeos/target/node-runtime/source/node-v24.14.0/out/Release/obj.target/libnode/src/fs_event_wrap.o
  CXX(target) /Users/ziangwang/Sources/vibeos/target/node-runtime/source/node-v24.14.0/out/Release/obj.target/libnode/src/handle_wrap.o
  CXX(target) /Users/ziangwang/Sources/vibeos/target/node-runtime/source/node-v24.14.0/out/Release/obj.target/libnode/src/heap_utils.o
  CXX(target) /Users/ziangwang/Sources/vibeos/target/node-runtime/source/node-v24.14.0/out/Release/obj.target/libnode/src/histogram.o
  CXX(target) /Users/ziangwang/Sources/vibeos/target/node-runtime/source/node-v24.14.0/out/Release/obj.target/libnode/src/internal_only_v8.o
  CXX(target) /Users/ziangwang/Sources/vibeos/target/node-runtime/source/node-v24.14.0/out/Release/obj.target/libnode/src/js_native_api_v8.o
  CXX(target) /Users/ziangwang/Sources/vibeos/target/node-runtime/source/node-v24.14.0/out/Release/obj.target/libnode/src/js_stream.o
  CXX(target) /Users/ziangwang/Sources/vibeos/target/node-runtime/source/node-v24.14.0/out/Release/obj.target/libnode/src/json_utils.o
  CXX(target) /Users/ziangwang/Sources/vibeos/target/node-runtime/source/node-v24.14.0/out/Release/obj.target/libnode/src/js_udp_wrap.o
  CXX(target) /Users/ziangwang/Sources/vibeos/target/node-runtime/source/node-v24.14.0/out/Release/obj.target/libnode/src/module_wrap.o
  CXX(target) /Users/ziangwang/Sources/vibeos/target/node-runtime/source/node-v24.14.0/out/Release/obj.target/libnode/src/node.o
  CXX(target) /Users/ziangwang/Sources/vibeos/target/node-runtime/source/node-v24.14.0/out/Release/obj.target/libnode/src/node_api.o
  CXX(target) /Users/ziangwang/Sources/vibeos/target/node-runtime/source/node-v24.14.0/out/Release/obj.target/libnode/src/node_binding.o
  CXX(target) /Users/ziangwang/Sources/vibeos/target/node-runtime/source/node-v24.14.0/out/Release/obj.target/libnode/src/node_blob.o
  CXX(target) /Users/ziangwang/Sources/vibeos/target/node-runtime/source/node-v24.14.0/out/Release/obj.target/libnode/src/node_buffer.o
  CXX(target) /Users/ziangwang/Sources/vibeos/target/node-runtime/source/node-v24.14.0/out/Release/obj.target/libnode/src/node_builtins.o
../src/node_binding.cc:248:13: warning: 'bool libc_may_be_musl()' defined but not used [-Wunused-function]
  248 | static bool libc_may_be_musl() { return false; }
      |             ^~~~~~~~~~~~~~~~
  CXX(target) /Users/ziangwang/Sources/vibeos/target/node-runtime/source/node-v24.14.0/out/Release/obj.target/libnode/src/node_config.o
  CXX(target) /Users/ziangwang/Sources/vibeos/target/node-runtime/source/node-v24.14.0/out/Release/obj.target/libnode/src/node_config_file.o
  CXX(target) /Users/ziangwang/Sources/vibeos/target/node-runtime/source/node-v24.14.0/out/Release/obj.target/libnode/src/node_constants.o
  CXX(target) /Users/ziangwang/Sources/vibeos/target/node-runtime/source/node-v24.14.0/out/Release/obj.target/libnode/src/node_cjs_lexer.o
  CXX(target) /Users/ziangwang/Sources/vibeos/target/node-runtime/source/node-v24.14.0/out/Release/obj.target/libnode/src/node_contextify.o
  CXX(target) /Users/ziangwang/Sources/vibeos/target/node-runtime/source/node-v24.14.0/out/Release/obj.target/libnode/src/node_credentials.o
  CXX(target) /Users/ziangwang/Sources/vibeos/target/node-runtime/source/node-v24.14.0/out/Release/obj.target/libnode/src/node_debug.o
  CXX(target) /Users/ziangwang/Sources/vibeos/target/node-runtime/source/node-v24.14.0/out/Release/obj.target/libnode/src/node_dir.o
  CXX(target) /Users/ziangwang/Sources/vibeos/target/node-runtime/source/node-v24.14.0/out/Release/obj.target/libnode/src/node_dotenv.o
  CXX(target) /Users/ziangwang/Sources/vibeos/target/node-runtime/source/node-v24.14.0/out/Release/obj.target/libnode/src/node_env_var.o
  CXX(target) /Users/ziangwang/Sources/vibeos/target/node-runtime/source/node-v24.14.0/out/Release/obj.target/libnode/src/node_errors.o
  CXX(target) /Users/ziangwang/Sources/vibeos/target/node-runtime/source/node-v24.14.0/out/Release/obj.target/libnode/src/node_external_reference.o
  CXX(target) /Users/ziangwang/Sources/vibeos/target/node-runtime/source/node-v24.14.0/out/Release/obj.target/libnode/src/node_file.o
  CXX(target) /Users/ziangwang/Sources/vibeos/target/node-runtime/source/node-v24.14.0/out/Release/obj.target/libnode/src/node_http_parser.o
  CXX(target) /Users/ziangwang/Sources/vibeos/target/node-runtime/source/node-v24.14.0/out/Release/obj.target/libnode/src/node_http2.o
  CXX(target) /Users/ziangwang/Sources/vibeos/target/node-runtime/source/node-v24.14.0/out/Release/obj.target/libnode/src/node_i18n.o
  CXX(target) /Users/ziangwang/Sources/vibeos/target/node-runtime/source/node-v24.14.0/out/Release/obj.target/libnode/src/node_locks.o
  CXX(target) /Users/ziangwang/Sources/vibeos/target/node-runtime/source/node-v24.14.0/out/Release/obj.target/libnode/src/node_main_instance.o
  CXX(target) /Users/ziangwang/Sources/vibeos/target/node-runtime/source/node-v24.14.0/out/Release/obj.target/libnode/src/node_messaging.o
  CXX(target) /Users/ziangwang/Sources/vibeos/target/node-runtime/source/node-v24.14.0/out/Release/obj.target/libnode/src/node_metadata.o
  CXX(target) /Users/ziangwang/Sources/vibeos/target/node-runtime/source/node-v24.14.0/out/Release/obj.target/libnode/src/node_modules.o
../src/node_metadata.cc:22:10: fatal error: uvwasi.h: No such file or directory
   22 | #include "uvwasi.h"
      |          ^~~~~~~~~~
compilation terminated.
make: *** [/Users/ziangwang/Sources/vibeos/target/node-runtime/source/node-v24.14.0/out/Release/obj.target/libnode/src/node_metadata.o] Error 1
make: *** Waiting for unfinished jobs....
